MPLINK 4.48, Linker
Linker Map File - Created Sun May 04 10:24:24 2014

                                 Section Info
                  Section       Type    Address   Location Size(Bytes)
                ---------  ---------  ---------  ---------  ---------
               _entry_scn       code   0x000000    program   0x000006
    HIGH_INTERRUPT_VECTOR       code   0x000008    program   0x000006
     LOW_INTERRUPT_VECTOR       code   0x000018    program   0x000006
    REMAPPED_RESET_VECTOR       code   0x001000    program   0x000006
REMAPPED_HIGH_INTERRUPT_VECTOR       code   0x001008    program   0x000006
REMAPPED_LOW_INTERRUPT_VECTOR       code   0x001018    program   0x000006
                   .cinit    romdata   0x00102a    program   0x00000e
       .code_usb_device.o       code   0x001038    program   0x001266
         .code_MultiKey.o       code   0x00229e    program   0x000650
.romdata_usb_descriptors.o    romdata   0x0028ee    program   0x0000ff
       .idata_adcbusy.o_i    romdata   0x0029ed    program   0x000000
       .romdata_adcbusy.o    romdata   0x0029ed    program   0x000000
       .idata_adcconv.o_i    romdata   0x0029ed    program   0x000000
       .romdata_adcconv.o    romdata   0x0029ed    program   0x000000
      .idata_fxd1616u.o_i    romdata   0x0029ed    program   0x000000
      .romdata_fxd1616u.o    romdata   0x0029ed    program   0x000000
       .idata_adcopen.o_i    romdata   0x0029ed    program   0x000000
       .romdata_adcopen.o    romdata   0x0029ed    program   0x000000
         .idata_uopen.o_i    romdata   0x0029ed    program   0x000000
         .romdata_uopen.o    romdata   0x0029ed    program   0x000000
       .idata_adcread.o_i    romdata   0x0029ed    program   0x000000
       .romdata_adcread.o    romdata   0x0029ed    program   0x000000
      .idata_adcsetch.o_i    romdata   0x0029ed    program   0x000000
      .romdata_adcsetch.o    romdata   0x0029ed    program   0x000000
        .idata___init.o_i    romdata   0x0029ed    program   0x000000
        .romdata___init.o    romdata   0x0029ed    program   0x000000
    .romdata_usb_device.o    romdata   0x0029ed    program   0x000000
.idata_usb_function_hid.o_i    romdata   0x0029ed    program   0x000000
.romdata_usb_function_hid.o    romdata   0x0029ed    program   0x000000
    .idata_usb_device.o_i    romdata   0x0029ed    program   0x000000
      .romdata_MultiKey.o    romdata   0x0029ed    program   0x000000
.idata_usb_descriptors.o_i    romdata   0x0029ed    program   0x000000
         .idata_c018i.o_i    romdata   0x0029ed    program   0x000000
         .romdata_c018i.o    romdata   0x0029ed    program   0x000000
 .code_usb_function_hid.o       code   0x0029ee    program   0x0000cc
  .code_usb_descriptors.o       code   0x0029ee    program   0x000000
            .code_c018i.o       code   0x0029ee    program   0x000000
               _cinit_scn       code   0x002aba    program   0x00009e
            .code_uopen.o       code   0x002b58    program   0x00008a
          .code_adcopen.o       code   0x002be2    program   0x00006e
                     PROG       code   0x002c50    program   0x00004c
                   STRING       code   0x002c9c    program   0x000034
             D10KTCYXCODE       code   0x002cd0    program   0x00002e
         .code_adcsetch.o       code   0x002cfe    program   0x00002e
         .code_fxd1616u.o       code   0x002d2c    program   0x00002c
                    .code       code   0x002d58    program   0x000020
             _startup_scn       code   0x002d78    program   0x00001c
              D10TCYXCODE       code   0x002d94    program   0x000016
          .code_adcread.o       code   0x002daa    program   0x000012
          .code_adcbusy.o       code   0x002dbc    program   0x00000a
          .code_adcconv.o       code   0x002dc6    program   0x000004
           .code___init.o       code   0x002dca    program   0x000002
      .idata_MultiKey.o_i    romdata   0x002dcc    program   0x000005
.config_300000_MultiKey.o    romdata   0x300000    program   0x000001
.config_300001_MultiKey.o    romdata   0x300001    program   0x000001
.config_300002_MultiKey.o    romdata   0x300002    program   0x000001
.config_300003_MultiKey.o    romdata   0x300003    program   0x000001
.config_300005_MultiKey.o    romdata   0x300005    program   0x000001
.config_300006_MultiKey.o    romdata   0x300006    program   0x000001
.config_300008_MultiKey.o    romdata   0x300008    program   0x000001
.config_300009_MultiKey.o    romdata   0x300009    program   0x000001
.config_30000a_MultiKey.o    romdata   0x30000a    program   0x000001
.config_30000b_MultiKey.o    romdata   0x30000b    program   0x000001
.config_30000c_MultiKey.o    romdata   0x30000c    program   0x000001
.config_30000d_MultiKey.o    romdata   0x30000d    program   0x000001
                MATH_DATA      udata   0x000000       data   0x000010
                 .tmpdata      udata   0x000010       data   0x000004
                DELAYDAT2      udata   0x000014       data   0x000001
                DELAYDAT1      udata   0x000015       data   0x000001
      .udata_usb_device.o      udata   0x000060       data   0x00002e
        .udata_MultiKey.o      udata   0x00008e       data   0x00001e
           .udata_c018i.o      udata   0x0000ac       data   0x00000a
        .idata_MultiKey.o      idata   0x0000b6       data   0x000005
.udata_usb_function_hid.o      udata   0x0000bb       data   0x000002
        .udata_adcsetch.o      udata   0x0000bd       data   0x000000
         .idata_adcread.o      idata   0x0000bd       data   0x000000
         .udata_adcread.o      udata   0x0000bd       data   0x000000
        .idata_adcsetch.o      idata   0x0000bd       data   0x000000
           .idata_uopen.o      idata   0x0000bd       data   0x000000
           .udata_uopen.o      udata   0x0000bd       data   0x000000
         .idata_adcopen.o      idata   0x0000bd       data   0x000000
         .udata_adcopen.o      udata   0x0000bd       data   0x000000
        .idata_fxd1616u.o      idata   0x0000bd       data   0x000000
          .udata___init.o      udata   0x0000bd       data   0x000000
          .idata___init.o      idata   0x0000bd       data   0x000000
        .udata_fxd1616u.o      udata   0x0000bd       data   0x000000
         .idata_adcconv.o      idata   0x0000bd       data   0x000000
         .udata_adcconv.o      udata   0x0000bd       data   0x000000
         .idata_adcbusy.o      idata   0x0000bd       data   0x000000
         .udata_adcbusy.o      udata   0x0000bd       data   0x000000
.idata_usb_function_hid.o      idata   0x0000bd       data   0x000000
      .idata_usb_device.o      idata   0x0000bd       data   0x000000
 .idata_usb_descriptors.o      idata   0x0000bd       data   0x000000
 .udata_usb_descriptors.o      udata   0x0000bd       data   0x000000
           .idata_c018i.o      idata   0x0000bd       data   0x000000
                   .stack      udata   0x000300       data   0x000100
                  USB_BDT      udata   0x000400       data   0x00003a
            SFR_UNBANKED0      udata   0x000f66       data   0x00009a



                              Program Memory Usage 
                               Start         End      
                           ---------   ---------      
                            0x000000    0x000005      
                            0x000008    0x00000d      
                            0x000018    0x00001d      
                            0x001000    0x001005      
                            0x001008    0x00100d      
                            0x001018    0x00101d      
                            0x00102a    0x0029ec      
                            0x0029ee    0x002dd0      
                            0x300000    0x300003      
                            0x300005    0x300006      
                            0x300008    0x30000d      
            7638 out of 33048 program addresses used, program memory utilization is 23%



                              Symbols - Sorted by Name
                     Name    Address   Location    Storage File                     
                ---------  ---------  ---------  --------- ---------                
                  BusyADC   0x002dbc    program     extern E:\c18v3.46\pic18-lt\cxx-framework\src\pmc_common\ADC\adcbusy.c
               ConvertADC   0x002dc6    program     extern E:\c18v3.46\pic18-lt\cxx-framework\src\pmc_common\ADC\adcconv.c
                   D10K_1   0x002cdc    program     static E:\c18v3.46\pic18-lt\cxx-framework\src\traditional\delays\d10ktcyx.asm
                    D10Kl   0x002ce8    program     static E:\c18v3.46\pic18-lt\cxx-framework\src\traditional\delays\d10ktcyx.asm
                    D10Kx   0x002cda    program     static E:\c18v3.46\pic18-lt\cxx-framework\src\traditional\delays\d10ktcyx.asm
                    D10_1   0x002da4    program     static E:\c18v3.46\pic18-lt\cxx-framework\src\traditional\delays\d10tcyx.asm
                     D10x   0x002d9c    program     static E:\c18v3.46\pic18-lt\cxx-framework\src\traditional\delays\d10tcyx.asm
                   D1616S   0x002c72    program     static E:\c18v3.46\pic18-lt\cxx-framework\src\traditional\math\fxd1616s.asm
                D1616SNEG   0x002c80    program     static E:\c18v3.46\pic18-lt\cxx-framework\src\traditional\math\fxd1616s.asm
                 D1616SOK   0x002c7c    program     static E:\c18v3.46\pic18-lt\cxx-framework\src\traditional\math\fxd1616s.asm
                  D1616SX   0x002c92    program     static E:\c18v3.46\pic18-lt\cxx-framework\src\traditional\math\fxd1616s.asm
                  DA1616S   0x002c62    program     static E:\c18v3.46\pic18-lt\cxx-framework\src\traditional\math\fxd1616s.asm
             Delay10KTCYx   0x002cd0    program     extern E:\c18v3.46\pic18-lt\cxx-framework\src\traditional\delays\d10ktcyx.asm
              Delay10TCYx   0x002d94    program     extern E:\c18v3.46\pic18-lt\cxx-framework\src\traditional\delays\d10tcyx.asm
                 FXD1616S   0x002c50    program     extern E:\c18v3.46\pic18-lt\cxx-framework\src\traditional\math\fxd1616s.asm
                 FXD1616U   0x002d2c    program     extern E:\c18v3.46\pic18-lt\cxx-framework\src\traditional\math\fxd1616u.c
                 High_ISR   0x000008    program     extern C:\Users\nocturno\Dropbox\Micropic\Proyectos\MicroPIC\Teclado multimedia\MultiKey\MultiKey.c
         InitializeSystem   0x0022da    program     static C:\Users\nocturno\Dropbox\Micropic\Proyectos\MicroPIC\Teclado multimedia\MultiKey\MultiKey.c
                 Keyboard   0x0026b0    program     extern C:\Users\nocturno\Dropbox\Micropic\Proyectos\MicroPIC\Teclado multimedia\MultiKey\MultiKey.c
                      Led   0x00234c    program     extern C:\Users\nocturno\Dropbox\Micropic\Proyectos\MicroPIC\Teclado multimedia\MultiKey\MultiKey.c
                  Low_ISR   0x000018    program     extern C:\Users\nocturno\Dropbox\Micropic\Proyectos\MicroPIC\Teclado multimedia\MultiKey\MultiKey.c
                MtouchCVD   0x002438    program     extern C:\Users\nocturno\Dropbox\Micropic\Proyectos\MicroPIC\Teclado multimedia\MultiKey\MultiKey.c
                MtouchKey   0x002368    program     extern C:\Users\nocturno\Dropbox\Micropic\Proyectos\MicroPIC\Teclado multimedia\MultiKey\MultiKey.c
                  OpenADC   0x002be2    program     extern E:\c18v3.46\pic18-lt\cxx-framework\src\pmc_common\ADC\adcopen.c
                OpenUSART   0x002b58    program     extern E:\c18v3.46\pic18-lt\cxx-framework\src\pmc_common\USART\uopen.c
                ProcessIO   0x002328    program     extern C:\Users\nocturno\Dropbox\Micropic\Proyectos\MicroPIC\Teclado multimedia\MultiKey\MultiKey.c
                  ReadADC   0x002daa    program     extern E:\c18v3.46\pic18-lt\cxx-framework\src\pmc_common\ADC\adcread.c
        Remapped_High_ISR   0x001008    program     extern C:\Users\nocturno\Dropbox\Micropic\Proyectos\MicroPIC\Teclado multimedia\MultiKey\MultiKey.c
         Remapped_Low_ISR   0x001018    program     extern C:\Users\nocturno\Dropbox\Micropic\Proyectos\MicroPIC\Teclado multimedia\MultiKey\MultiKey.c
               SetChanADC   0x002cfe    program     extern E:\c18v3.46\pic18-lt\cxx-framework\src\pmc_common\ADC\adcsetch.c
       USBCBCheckOtherReq   0x0027a8    program     extern C:\Users\nocturno\Dropbox\Micropic\Proyectos\MicroPIC\Teclado multimedia\MultiKey\MultiKey.c
        USBCBErrorHandler   0x0027a6    program     extern C:\Users\nocturno\Dropbox\Micropic\Proyectos\MicroPIC\Teclado multimedia\MultiKey\MultiKey.c
              USBCBInitEP   0x0027ae    program     extern C:\Users\nocturno\Dropbox\Micropic\Proyectos\MicroPIC\Teclado multimedia\MultiKey\MultiKey.c
          USBCBSendResume   0x0027e6    program     extern C:\Users\nocturno\Dropbox\Micropic\Proyectos\MicroPIC\Teclado multimedia\MultiKey\MultiKey.c
    USBCBStdSetDscHandler   0x0027ac    program     extern C:\Users\nocturno\Dropbox\Micropic\Proyectos\MicroPIC\Teclado multimedia\MultiKey\MultiKey.c
             USBCBSuspend   0x0027a0    program     extern C:\Users\nocturno\Dropbox\Micropic\Proyectos\MicroPIC\Teclado multimedia\MultiKey\MultiKey.c
     USBCBWakeFromSuspend   0x0027a2    program     extern C:\Users\nocturno\Dropbox\Micropic\Proyectos\MicroPIC\Teclado multimedia\MultiKey\MultiKey.c
        USBCB_SOF_Handler   0x0027a4    program     extern C:\Users\nocturno\Dropbox\Micropic\Proyectos\MicroPIC\Teclado multimedia\MultiKey\MultiKey.c
              USBCancelIO   0x001514    program     extern C:\Users\nocturno\Dropbox\Micropic\Proyectos\MicroPIC\Teclado multimedia\MultiKey\USB\usb_device.c
       USBCheckHIDRequest   0x0029ee    program     extern C:\Users\nocturno\Dropbox\Micropic\Proyectos\MicroPIC\Teclado multimedia\MultiKey\USB\usb_function_hid.c
       USBCheckStdRequest   0x001f70    program     static C:\Users\nocturno\Dropbox\Micropic\Proyectos\MicroPIC\Teclado multimedia\MultiKey\USB\usb_device.c
     USBConfigureEndpoint   0x0016e2    program     static C:\Users\nocturno\Dropbox\Micropic\Proyectos\MicroPIC\Teclado multimedia\MultiKey\USB\usb_device.c
  USBCtrlEPAllowDataStage   0x001666    program     extern C:\Users\nocturno\Dropbox\Micropic\Proyectos\MicroPIC\Teclado multimedia\MultiKey\USB\usb_device.c
USBCtrlEPAllowStatusStage   0x0015c4    program     extern C:\Users\nocturno\Dropbox\Micropic\Proyectos\MicroPIC\Teclado multimedia\MultiKey\USB\usb_device.c
         USBCtrlEPService   0x001d4a    program     static C:\Users\nocturno\Dropbox\Micropic\Proyectos\MicroPIC\Teclado multimedia\MultiKey\USB\usb_device.c
 USBCtrlEPServiceComplete   0x00178e    program     static C:\Users\nocturno\Dropbox\Micropic\Proyectos\MicroPIC\Teclado multimedia\MultiKey\USB\usb_device.c
      USBCtrlTrfInHandler   0x001ec2    program     static C:\Users\nocturno\Dropbox\Micropic\Proyectos\MicroPIC\Teclado multimedia\MultiKey\USB\usb_device.c
     USBCtrlTrfOutHandler   0x001e78    program     static C:\Users\nocturno\Dropbox\Micropic\Proyectos\MicroPIC\Teclado multimedia\MultiKey\USB\usb_device.c
      USBCtrlTrfRxService   0x00190e    program     static C:\Users\nocturno\Dropbox\Micropic\Proyectos\MicroPIC\Teclado multimedia\MultiKey\USB\usb_device.c
   USBCtrlTrfSetupHandler   0x001e1a    program     static C:\Users\nocturno\Dropbox\Micropic\Proyectos\MicroPIC\Teclado multimedia\MultiKey\USB\usb_device.c
      USBCtrlTrfTxService   0x001850    program     static C:\Users\nocturno\Dropbox\Micropic\Proyectos\MicroPIC\Teclado multimedia\MultiKey\USB\usb_device.c
            USBDeviceInit   0x001038    program     extern C:\Users\nocturno\Dropbox\Micropic\Proyectos\MicroPIC\Teclado multimedia\MultiKey\USB\usb_device.c
           USBDeviceTasks   0x001150    program     extern C:\Users\nocturno\Dropbox\Micropic\Proyectos\MicroPIC\Teclado multimedia\MultiKey\USB\usb_device.c
        USBEnableEndpoint   0x0012d8    program     extern C:\Users\nocturno\Dropbox\Micropic\Proyectos\MicroPIC\Teclado multimedia\MultiKey\USB\usb_device.c
USBHIDCBSetReportComplete   0x0028da    program     extern C:\Users\nocturno\Dropbox\Micropic\Proyectos\MicroPIC\Teclado multimedia\MultiKey\MultiKey.c
 USBHIDCBSetReportHandler   0x0028be    program     extern C:\Users\nocturno\Dropbox\Micropic\Proyectos\MicroPIC\Teclado multimedia\MultiKey\MultiKey.c
         USBStallEndpoint   0x001438    program     extern C:\Users\nocturno\Dropbox\Micropic\Proyectos\MicroPIC\Teclado multimedia\MultiKey\USB\usb_device.c
          USBStallHandler   0x001cc0    program     static C:\Users\nocturno\Dropbox\Micropic\Proyectos\MicroPIC\Teclado multimedia\MultiKey\USB\usb_device.c
  USBStdFeatureReqHandler   0x00202e    program     static C:\Users\nocturno\Dropbox\Micropic\Proyectos\MicroPIC\Teclado multimedia\MultiKey\USB\usb_device.c
      USBStdGetDscHandler   0x001b44    program     static C:\Users\nocturno\Dropbox\Micropic\Proyectos\MicroPIC\Teclado multimedia\MultiKey\USB\usb_device.c
   USBStdGetStatusHandler   0x001bfe    program     static C:\Users\nocturno\Dropbox\Micropic\Proyectos\MicroPIC\Teclado multimedia\MultiKey\USB\usb_device.c
      USBStdSetCfgHandler   0x001a4c    program     static C:\Users\nocturno\Dropbox\Micropic\Proyectos\MicroPIC\Teclado multimedia\MultiKey\USB\usb_device.c
               USBSuspend   0x001cf2    program     static C:\Users\nocturno\Dropbox\Micropic\Proyectos\MicroPIC\Teclado multimedia\MultiKey\USB\usb_device.c
     USBTransferOnePacket   0x001346    program     extern C:\Users\nocturno\Dropbox\Micropic\Proyectos\MicroPIC\Teclado multimedia\MultiKey\USB\usb_device.c
       USBWakeFromSuspend   0x001d1c    program     static C:\Users\nocturno\Dropbox\Micropic\Proyectos\MicroPIC\Teclado multimedia\MultiKey\USB\usb_device.c
               USB_CD_Ptr   0x0029e5    program     extern C:\Users\nocturno\Dropbox\Micropic\Proyectos\MicroPIC\Teclado multimedia\MultiKey\usb_descriptors.c
               USB_SD_Ptr   0x0029e7    program     extern C:\Users\nocturno\Dropbox\Micropic\Proyectos\MicroPIC\Teclado multimedia\MultiKey\usb_descriptors.c
USER_USB_CALLBACK_EVENT_HANDLER   0x00282a    program     extern C:\Users\nocturno\Dropbox\Micropic\Proyectos\MicroPIC\Teclado multimedia\MultiKey\MultiKey.c
                 UserInit   0x0022e8    program     extern C:\Users\nocturno\Dropbox\Micropic\Proyectos\MicroPIC\Teclado multimedia\MultiKey\MultiKey.c
  YourHighPriorityISRCode   0x00229e    program     extern C:\Users\nocturno\Dropbox\Micropic\Proyectos\MicroPIC\Teclado multimedia\MultiKey\MultiKey.c
   YourLowPriorityISRCode   0x0022ac    program     extern C:\Users\nocturno\Dropbox\Micropic\Proyectos\MicroPIC\Teclado multimedia\MultiKey\MultiKey.c
              _2jContinue   0x002cbc    program     static E:\c18v3.46\pic18-lt\cxx-framework\src\traditional\stdclib\memset.asm
                   _3jEnd   0x002cc6    program     static E:\c18v3.46\pic18-lt\cxx-framework\src\traditional\stdclib\memset.asm
       _D10KTCYXCODE_0010   0x002ce0    program     static E:\c18v3.46\pic18-lt\cxx-framework\src\traditional\delays\d10ktcyx.asm
       _D10KTCYXCODE_001C   0x002cec    program     static E:\c18v3.46\pic18-lt\cxx-framework\src\traditional\delays\d10ktcyx.asm
        _D10TCYXCODE_000A   0x002d9e    program     static E:\c18v3.46\pic18-lt\cxx-framework\src\traditional\delays\d10tcyx.asm
        _D10TCYXCODE_000C   0x002da0    program     static E:\c18v3.46\pic18-lt\cxx-framework\src\traditional\delays\d10tcyx.asm
        _D10TCYXCODE_000E   0x002da2    program     static E:\c18v3.46\pic18-lt\cxx-framework\src\traditional\delays\d10tcyx.asm
       ___return_lbl00000   0x000004    program     static                          
       ___return_lbl00000   0x002d56    program     static                          
       ___return_lbl00000   0x001004    program     static                          
       ___return_lbl00001   0x002d92    program     static                          
       ___return_lbl00001   0x00100c    program     static                          
       ___return_lbl00002   0x002b56    program     static                          
       ___return_lbl00002   0x00101c    program     static                          
       ___return_lbl00003   0x00000c    program     static                          
       ___return_lbl00004   0x00001c    program     static                          
               __config_0   0x300000    program     static C:\Users\nocturno\Dropbox\Micropic\Proyectos\MicroPIC\Teclado multimedia\MultiKey\MultiKey.c
               __config_1   0x300001    program     static C:\Users\nocturno\Dropbox\Micropic\Proyectos\MicroPIC\Teclado multimedia\MultiKey\MultiKey.c
              __config_10   0x30000c    program     static C:\Users\nocturno\Dropbox\Micropic\Proyectos\MicroPIC\Teclado multimedia\MultiKey\MultiKey.c
              __config_11   0x30000d    program     static C:\Users\nocturno\Dropbox\Micropic\Proyectos\MicroPIC\Teclado multimedia\MultiKey\MultiKey.c
               __config_2   0x300002    program     static C:\Users\nocturno\Dropbox\Micropic\Proyectos\MicroPIC\Teclado multimedia\MultiKey\MultiKey.c
               __config_3   0x300003    program     static C:\Users\nocturno\Dropbox\Micropic\Proyectos\MicroPIC\Teclado multimedia\MultiKey\MultiKey.c
               __config_4   0x300005    program     static C:\Users\nocturno\Dropbox\Micropic\Proyectos\MicroPIC\Teclado multimedia\MultiKey\MultiKey.c
               __config_5   0x300006    program     static C:\Users\nocturno\Dropbox\Micropic\Proyectos\MicroPIC\Teclado multimedia\MultiKey\MultiKey.c
               __config_6   0x300008    program     static C:\Users\nocturno\Dropbox\Micropic\Proyectos\MicroPIC\Teclado multimedia\MultiKey\MultiKey.c
               __config_7   0x300009    program     static C:\Users\nocturno\Dropbox\Micropic\Proyectos\MicroPIC\Teclado multimedia\MultiKey\MultiKey.c
               __config_8   0x30000a    program     static C:\Users\nocturno\Dropbox\Micropic\Proyectos\MicroPIC\Teclado multimedia\MultiKey\MultiKey.c
               __config_9   0x30000b    program     static C:\Users\nocturno\Dropbox\Micropic\Proyectos\MicroPIC\Teclado multimedia\MultiKey\MultiKey.c
                   __init   0x002dca    program     extern E:\c18v3.46\pic18-lt\cxx-framework\src\traditional\stdclib\__init.c
            __zero_memory   0x002d58    program     extern E:\c18v3.46\pic18-lt\cxx-framework\src\traditional\proc\p18f2550.asm
                _do_cinit   0x002aba    program     extern E:\c18v3.46\pic18-lt\cxx-framework\src\traditional\startup\c018i.c
                   _entry   0x000000    program     extern E:\c18v3.46\pic18-lt\cxx-framework\src\traditional\startup\c018i.c
                   _reset   0x001000    program     extern C:\Users\nocturno\Dropbox\Micropic\Proyectos\MicroPIC\Teclado multimedia\MultiKey\MultiKey.c
                 _startup   0x002d78    program     extern E:\c18v3.46\pic18-lt\cxx-framework\src\traditional\startup\c018i.c
                compare_l   0x002d6e    program     static E:\c18v3.46\pic18-lt\cxx-framework\src\traditional\proc\p18f2550.asm
        configDescriptor1   0x002900    program     extern C:\Users\nocturno\Dropbox\Micropic\Proyectos\MicroPIC\Teclado multimedia\MultiKey\usb_descriptors.c
                copy_loop   0x002b2c    program     static                          
            copy_one_byte   0x002b32    program     static                          
               device_dsc   0x0028ee    program     extern C:\Users\nocturno\Dropbox\Micropic\Proyectos\MicroPIC\Teclado multimedia\MultiKey\usb_descriptors.c
                     done   0x002b56    program     static                          
             done_copying   0x002b40    program     static                          
                  endloop   0x002d52    program     static                          
                hid_rpt01   0x00297d    program     extern C:\Users\nocturno\Dropbox\Micropic\Proyectos\MicroPIC\Teclado multimedia\MultiKey\usb_descriptors.c
                     jEnd   0x002cce    program     static E:\c18v3.46\pic18-lt\cxx-framework\src\traditional\stdclib\memset.asm
                    jLoop   0x002cb0    program     static E:\c18v3.46\pic18-lt\cxx-framework\src\traditional\stdclib\memset.asm
                     loop   0x002d88    program     static                          
                     loop   0x002d36    program     static                          
                   loop_h   0x002d66    program     static E:\c18v3.46\pic18-lt\cxx-framework\src\traditional\proc\p18f2550.asm
                   loop_l   0x002d70    program     static E:\c18v3.46\pic18-lt\cxx-framework\src\traditional\proc\p18f2550.asm
                     main   0x0022ce    program     extern C:\Users\nocturno\Dropbox\Micropic\Proyectos\MicroPIC\Teclado multimedia\MultiKey\MultiKey.c
                   memset   0x002c9c    program     extern E:\c18v3.46\pic18-lt\cxx-framework\src\traditional\stdclib\memset.asm
                    sd000   0x002929    program     extern C:\Users\nocturno\Dropbox\Micropic\Proyectos\MicroPIC\Teclado multimedia\MultiKey\usb_descriptors.c
                    sd001   0x00292d    program     extern C:\Users\nocturno\Dropbox\Micropic\Proyectos\MicroPIC\Teclado multimedia\MultiKey\usb_descriptors.c
                    sd002   0x002961    program     extern C:\Users\nocturno\Dropbox\Micropic\Proyectos\MicroPIC\Teclado multimedia\MultiKey\usb_descriptors.c
                     test   0x002ad4    program     static                          
               zero_block   0x002d66    program     static E:\c18v3.46\pic18-lt\cxx-framework\src\traditional\proc\p18f2550.asm
                      ADC   0x000098       data     static C:\Users\nocturno\Dropbox\Micropic\Proyectos\MicroPIC\Teclado multimedia\MultiKey\MultiKey.c
                   ADCON0   0x000fc2       data     extern E:\c18v3.46\pic18-lt\cxx-framework\src\traditional\proc\p18f2550.asm
               ADCON0bits   0x000fc2       data     extern E:\c18v3.46\pic18-lt\cxx-framework\src\traditional\proc\p18f2550.asm
                   ADCON1   0x000fc1       data     extern E:\c18v3.46\pic18-lt\cxx-framework\src\traditional\proc\p18f2550.asm
               ADCON1bits   0x000fc1       data     extern E:\c18v3.46\pic18-lt\cxx-framework\src\traditional\proc\p18f2550.asm
                   ADCON2   0x000fc0       data     extern E:\c18v3.46\pic18-lt\cxx-framework\src\traditional\proc\p18f2550.asm
               ADCON2bits   0x000fc0       data     extern E:\c18v3.46\pic18-lt\cxx-framework\src\traditional\proc\p18f2550.asm
                    ADRES   0x000fc3       data     extern E:\c18v3.46\pic18-lt\cxx-framework\src\traditional\proc\p18f2550.asm
                   ADRESH   0x000fc4       data     extern E:\c18v3.46\pic18-lt\cxx-framework\src\traditional\proc\p18f2550.asm
                   ADRESL   0x000fc3       data     extern E:\c18v3.46\pic18-lt\cxx-framework\src\traditional\proc\p18f2550.asm
                  BAUDCON   0x000fb8       data     extern E:\c18v3.46\pic18-lt\cxx-framework\src\traditional\proc\p18f2550.asm
              BAUDCONbits   0x000fb8       data     extern E:\c18v3.46\pic18-lt\cxx-framework\src\traditional\proc\p18f2550.asm
                  BAUDCTL   0x000fb8       data     extern E:\c18v3.46\pic18-lt\cxx-framework\src\traditional\proc\p18f2550.asm
              BAUDCTLbits   0x000fb8       data     extern E:\c18v3.46\pic18-lt\cxx-framework\src\traditional\proc\p18f2550.asm
                      BDT   0x000400       data     extern C:\Users\nocturno\Dropbox\Micropic\Proyectos\MicroPIC\Teclado multimedia\MultiKey\USB\usb_device.c
                      BSR   0x000fe0       data     extern E:\c18v3.46\pic18-lt\cxx-framework\src\traditional\proc\p18f2550.asm
         BlinkStatusValid   0x000092       data     extern C:\Users\nocturno\Dropbox\Micropic\Proyectos\MicroPIC\Teclado multimedia\MultiKey\MultiKey.c
       BothEP0OutUOWNsSet   0x000083       data     extern C:\Users\nocturno\Dropbox\Micropic\Proyectos\MicroPIC\Teclado multimedia\MultiKey\USB\usb_device.c
                   CCP1AS   0x000fb6       data     extern E:\c18v3.46\pic18-lt\cxx-framework\src\traditional\proc\p18f2550.asm
               CCP1ASbits   0x000fb6       data     extern E:\c18v3.46\pic18-lt\cxx-framework\src\traditional\proc\p18f2550.asm
                  CCP1CON   0x000fbd       data     extern E:\c18v3.46\pic18-lt\cxx-framework\src\traditional\proc\p18f2550.asm
              CCP1CONbits   0x000fbd       data     extern E:\c18v3.46\pic18-lt\cxx-framework\src\traditional\proc\p18f2550.asm
                  CCP1DEL   0x000fb7       data     extern E:\c18v3.46\pic18-lt\cxx-framework\src\traditional\proc\p18f2550.asm
              CCP1DELbits   0x000fb7       data     extern E:\c18v3.46\pic18-lt\cxx-framework\src\traditional\proc\p18f2550.asm
                  CCP2CON   0x000fba       data     extern E:\c18v3.46\pic18-lt\cxx-framework\src\traditional\proc\p18f2550.asm
              CCP2CONbits   0x000fba       data     extern E:\c18v3.46\pic18-lt\cxx-framework\src\traditional\proc\p18f2550.asm
                    CCPR1   0x000fbe       data     extern E:\c18v3.46\pic18-lt\cxx-framework\src\traditional\proc\p18f2550.asm
                   CCPR1H   0x000fbf       data     extern E:\c18v3.46\pic18-lt\cxx-framework\src\traditional\proc\p18f2550.asm
                   CCPR1L   0x000fbe       data     extern E:\c18v3.46\pic18-lt\cxx-framework\src\traditional\proc\p18f2550.asm
                    CCPR2   0x000fbb       data     extern E:\c18v3.46\pic18-lt\cxx-framework\src\traditional\proc\p18f2550.asm
                   CCPR2H   0x000fbc       data     extern E:\c18v3.46\pic18-lt\cxx-framework\src\traditional\proc\p18f2550.asm
                   CCPR2L   0x000fbb       data     extern E:\c18v3.46\pic18-lt\cxx-framework\src\traditional\proc\p18f2550.asm
                    CMCON   0x000fb4       data     extern E:\c18v3.46\pic18-lt\cxx-framework\src\traditional\proc\p18f2550.asm
                CMCONbits   0x000fb4       data     extern E:\c18v3.46\pic18-lt\cxx-framework\src\traditional\proc\p18f2550.asm
                   CVRCON   0x000fb5       data     extern E:\c18v3.46\pic18-lt\cxx-framework\src\traditional\proc\p18f2550.asm
               CVRCONbits   0x000fb5       data     extern E:\c18v3.46\pic18-lt\cxx-framework\src\traditional\proc\p18f2550.asm
                 ClaveHID   0x000097       data     extern C:\Users\nocturno\Dropbox\Micropic\Proyectos\MicroPIC\Teclado multimedia\MultiKey\MultiKey.c
CountdownTimerToShowUSBStatusOnLEDs   0x000093       data     extern C:\Users\nocturno\Dropbox\Micropic\Proyectos\MicroPIC\Teclado multimedia\MultiKey\MultiKey.c
              CtrlTrfData   0x000428       data     extern C:\Users\nocturno\Dropbox\Micropic\Proyectos\MicroPIC\Teclado multimedia\MultiKey\USB\usb_device.c
                     DDRA   0x000f92       data     extern E:\c18v3.46\pic18-lt\cxx-framework\src\traditional\proc\p18f2550.asm
                 DDRAbits   0x000f92       data     extern E:\c18v3.46\pic18-lt\cxx-framework\src\traditional\proc\p18f2550.asm
                     DDRB   0x000f93       data     extern E:\c18v3.46\pic18-lt\cxx-framework\src\traditional\proc\p18f2550.asm
                 DDRBbits   0x000f93       data     extern E:\c18v3.46\pic18-lt\cxx-framework\src\traditional\proc\p18f2550.asm
                     DDRC   0x000f94       data     extern E:\c18v3.46\pic18-lt\cxx-framework\src\traditional\proc\p18f2550.asm
                 DDRCbits   0x000f94       data     extern E:\c18v3.46\pic18-lt\cxx-framework\src\traditional\proc\p18f2550.asm
            DelayCounter1   0x000015       data     extern E:\c18v3.46\pic18-lt\cxx-framework\src\traditional\delays\delayd1.asm
            DelayCounter2   0x000014       data     extern E:\c18v3.46\pic18-lt\cxx-framework\src\traditional\delays\delayd2.asm
                  ECCP1AS   0x000fb6       data     extern E:\c18v3.46\pic18-lt\cxx-framework\src\traditional\proc\p18f2550.asm
              ECCP1ASbits   0x000fb6       data     extern E:\c18v3.46\pic18-lt\cxx-framework\src\traditional\proc\p18f2550.asm
                 ECCP1DEL   0x000fb7       data     extern E:\c18v3.46\pic18-lt\cxx-framework\src\traditional\proc\p18f2550.asm
             ECCP1DELbits   0x000fb7       data     extern E:\c18v3.46\pic18-lt\cxx-framework\src\traditional\proc\p18f2550.asm
                    EEADR   0x000fa9       data     extern E:\c18v3.46\pic18-lt\cxx-framework\src\traditional\proc\p18f2550.asm
                   EECON1   0x000fa6       data     extern E:\c18v3.46\pic18-lt\cxx-framework\src\traditional\proc\p18f2550.asm
               EECON1bits   0x000fa6       data     extern E:\c18v3.46\pic18-lt\cxx-framework\src\traditional\proc\p18f2550.asm
                   EECON2   0x000fa7       data     extern E:\c18v3.46\pic18-lt\cxx-framework\src\traditional\proc\p18f2550.asm
                   EEDATA   0x000fa8       data     extern E:\c18v3.46\pic18-lt\cxx-framework\src\traditional\proc\p18f2550.asm
                     FSR0   0x000fe9       data     extern E:\c18v3.46\pic18-lt\cxx-framework\src\traditional\proc\p18f2550.asm
                    FSR0H   0x000fea       data     extern E:\c18v3.46\pic18-lt\cxx-framework\src\traditional\proc\p18f2550.asm
                    FSR0L   0x000fe9       data     extern E:\c18v3.46\pic18-lt\cxx-framework\src\traditional\proc\p18f2550.asm
                     FSR1   0x000fe1       data     extern E:\c18v3.46\pic18-lt\cxx-framework\src\traditional\proc\p18f2550.asm
                    FSR1H   0x000fe2       data     extern E:\c18v3.46\pic18-lt\cxx-framework\src\traditional\proc\p18f2550.asm
                    FSR1L   0x000fe1       data     extern E:\c18v3.46\pic18-lt\cxx-framework\src\traditional\proc\p18f2550.asm
                     FSR2   0x000fd9       data     extern E:\c18v3.46\pic18-lt\cxx-framework\src\traditional\proc\p18f2550.asm
                    FSR2H   0x000fda       data     extern E:\c18v3.46\pic18-lt\cxx-framework\src\traditional\proc\p18f2550.asm
                    FSR2L   0x000fd9       data     extern E:\c18v3.46\pic18-lt\cxx-framework\src\traditional\proc\p18f2550.asm
                  HLVDCON   0x000fd2       data     extern E:\c18v3.46\pic18-lt\cxx-framework\src\traditional\proc\p18f2550.asm
              HLVDCONbits   0x000fd2       data     extern E:\c18v3.46\pic18-lt\cxx-framework\src\traditional\proc\p18f2550.asm
                    INDF0   0x000fef       data     extern E:\c18v3.46\pic18-lt\cxx-framework\src\traditional\proc\p18f2550.asm
                    INDF1   0x000fe7       data     extern E:\c18v3.46\pic18-lt\cxx-framework\src\traditional\proc\p18f2550.asm
                    INDF2   0x000fdf       data     extern E:\c18v3.46\pic18-lt\cxx-framework\src\traditional\proc\p18f2550.asm
                   INTCON   0x000ff2       data     extern E:\c18v3.46\pic18-lt\cxx-framework\src\traditional\proc\p18f2550.asm
                  INTCON2   0x000ff1       data     extern E:\c18v3.46\pic18-lt\cxx-framework\src\traditional\proc\p18f2550.asm
              INTCON2bits   0x000ff1       data     extern E:\c18v3.46\pic18-lt\cxx-framework\src\traditional\proc\p18f2550.asm
                  INTCON3   0x000ff0       data     extern E:\c18v3.46\pic18-lt\cxx-framework\src\traditional\proc\p18f2550.asm
              INTCON3bits   0x000ff0       data     extern E:\c18v3.46\pic18-lt\cxx-framework\src\traditional\proc\p18f2550.asm
               INTCONbits   0x000ff2       data     extern E:\c18v3.46\pic18-lt\cxx-framework\src\traditional\proc\p18f2550.asm
                     IPR1   0x000f9f       data     extern E:\c18v3.46\pic18-lt\cxx-framework\src\traditional\proc\p18f2550.asm
                 IPR1bits   0x000f9f       data     extern E:\c18v3.46\pic18-lt\cxx-framework\src\traditional\proc\p18f2550.asm
                     IPR2   0x000fa2       data     extern E:\c18v3.46\pic18-lt\cxx-framework\src\traditional\proc\p18f2550.asm
                 IPR2bits   0x000fa2       data     extern E:\c18v3.46\pic18-lt\cxx-framework\src\traditional\proc\p18f2550.asm
                     LATA   0x000f89       data     extern E:\c18v3.46\pic18-lt\cxx-framework\src\traditional\proc\p18f2550.asm
                 LATAbits   0x000f89       data     extern E:\c18v3.46\pic18-lt\cxx-framework\src\traditional\proc\p18f2550.asm
                     LATB   0x000f8a       data     extern E:\c18v3.46\pic18-lt\cxx-framework\src\traditional\proc\p18f2550.asm
                 LATBbits   0x000f8a       data     extern E:\c18v3.46\pic18-lt\cxx-framework\src\traditional\proc\p18f2550.asm
                     LATC   0x000f8b       data     extern E:\c18v3.46\pic18-lt\cxx-framework\src\traditional\proc\p18f2550.asm
                 LATCbits   0x000f8b       data     extern E:\c18v3.46\pic18-lt\cxx-framework\src\traditional\proc\p18f2550.asm
                   LVDCON   0x000fd2       data     extern E:\c18v3.46\pic18-lt\cxx-framework\src\traditional\proc\p18f2550.asm
               LVDCONbits   0x000fd2       data     extern E:\c18v3.46\pic18-lt\cxx-framework\src\traditional\proc\p18f2550.asm
                   OSCCON   0x000fd3       data     extern E:\c18v3.46\pic18-lt\cxx-framework\src\traditional\proc\p18f2550.asm
               OSCCONbits   0x000fd3       data     extern E:\c18v3.46\pic18-lt\cxx-framework\src\traditional\proc\p18f2550.asm
                  OSCTUNE   0x000f9b       data     extern E:\c18v3.46\pic18-lt\cxx-framework\src\traditional\proc\p18f2550.asm
              OSCTUNEbits   0x000f9b       data     extern E:\c18v3.46\pic18-lt\cxx-framework\src\traditional\proc\p18f2550.asm
                       PC   0x000ff9       data     extern E:\c18v3.46\pic18-lt\cxx-framework\src\traditional\proc\p18f2550.asm
                      PCL   0x000ff9       data     extern E:\c18v3.46\pic18-lt\cxx-framework\src\traditional\proc\p18f2550.asm
                   PCLATH   0x000ffa       data     extern E:\c18v3.46\pic18-lt\cxx-framework\src\traditional\proc\p18f2550.asm
                   PCLATU   0x000ffb       data     extern E:\c18v3.46\pic18-lt\cxx-framework\src\traditional\proc\p18f2550.asm
                     PIE1   0x000f9d       data     extern E:\c18v3.46\pic18-lt\cxx-framework\src\traditional\proc\p18f2550.asm
                 PIE1bits   0x000f9d       data     extern E:\c18v3.46\pic18-lt\cxx-framework\src\traditional\proc\p18f2550.asm
                     PIE2   0x000fa0       data     extern E:\c18v3.46\pic18-lt\cxx-framework\src\traditional\proc\p18f2550.asm
                 PIE2bits   0x000fa0       data     extern E:\c18v3.46\pic18-lt\cxx-framework\src\traditional\proc\p18f2550.asm
                     PIR1   0x000f9e       data     extern E:\c18v3.46\pic18-lt\cxx-framework\src\traditional\proc\p18f2550.asm
                 PIR1bits   0x000f9e       data     extern E:\c18v3.46\pic18-lt\cxx-framework\src\traditional\proc\p18f2550.asm
                     PIR2   0x000fa1       data     extern E:\c18v3.46\pic18-lt\cxx-framework\src\traditional\proc\p18f2550.asm
                 PIR2bits   0x000fa1       data     extern E:\c18v3.46\pic18-lt\cxx-framework\src\traditional\proc\p18f2550.asm
                   PLUSW0   0x000feb       data     extern E:\c18v3.46\pic18-lt\cxx-framework\src\traditional\proc\p18f2550.asm
                   PLUSW1   0x000fe3       data     extern E:\c18v3.46\pic18-lt\cxx-framework\src\traditional\proc\p18f2550.asm
                   PLUSW2   0x000fdb       data     extern E:\c18v3.46\pic18-lt\cxx-framework\src\traditional\proc\p18f2550.asm
                    PORTA   0x000f80       data     extern E:\c18v3.46\pic18-lt\cxx-framework\src\traditional\proc\p18f2550.asm
                PORTAbits   0x000f80       data     extern E:\c18v3.46\pic18-lt\cxx-framework\src\traditional\proc\p18f2550.asm
                    PORTB   0x000f81       data     extern E:\c18v3.46\pic18-lt\cxx-framework\src\traditional\proc\p18f2550.asm
                PORTBbits   0x000f81       data     extern E:\c18v3.46\pic18-lt\cxx-framework\src\traditional\proc\p18f2550.asm
                    PORTC   0x000f82       data     extern E:\c18v3.46\pic18-lt\cxx-framework\src\traditional\proc\p18f2550.asm
                PORTCbits   0x000f82       data     extern E:\c18v3.46\pic18-lt\cxx-framework\src\traditional\proc\p18f2550.asm
                    PORTE   0x000f84       data     extern E:\c18v3.46\pic18-lt\cxx-framework\src\traditional\proc\p18f2550.asm
                PORTEbits   0x000f84       data     extern E:\c18v3.46\pic18-lt\cxx-framework\src\traditional\proc\p18f2550.asm
                 POSTDEC0   0x000fed       data     extern E:\c18v3.46\pic18-lt\cxx-framework\src\traditional\proc\p18f2550.asm
                 POSTDEC1   0x000fe5       data     extern E:\c18v3.46\pic18-lt\cxx-framework\src\traditional\proc\p18f2550.asm
                 POSTDEC2   0x000fdd       data     extern E:\c18v3.46\pic18-lt\cxx-framework\src\traditional\proc\p18f2550.asm
                 POSTINC0   0x000fee       data     extern E:\c18v3.46\pic18-lt\cxx-framework\src\traditional\proc\p18f2550.asm
                 POSTINC1   0x000fe6       data     extern E:\c18v3.46\pic18-lt\cxx-framework\src\traditional\proc\p18f2550.asm
                 POSTINC2   0x000fde       data     extern E:\c18v3.46\pic18-lt\cxx-framework\src\traditional\proc\p18f2550.asm
                      PR2   0x000fcb       data     extern E:\c18v3.46\pic18-lt\cxx-framework\src\traditional\proc\p18f2550.asm
                  PREINC0   0x000fec       data     extern E:\c18v3.46\pic18-lt\cxx-framework\src\traditional\proc\p18f2550.asm
                  PREINC1   0x000fe4       data     extern E:\c18v3.46\pic18-lt\cxx-framework\src\traditional\proc\p18f2550.asm
                  PREINC2   0x000fdc       data     extern E:\c18v3.46\pic18-lt\cxx-framework\src\traditional\proc\p18f2550.asm
                     PROD   0x000ff3       data     extern E:\c18v3.46\pic18-lt\cxx-framework\src\traditional\proc\p18f2550.asm
                    PRODH   0x000ff4       data     extern E:\c18v3.46\pic18-lt\cxx-framework\src\traditional\proc\p18f2550.asm
                    PRODL   0x000ff3       data     extern E:\c18v3.46\pic18-lt\cxx-framework\src\traditional\proc\p18f2550.asm
                     RCON   0x000fd0       data     extern E:\c18v3.46\pic18-lt\cxx-framework\src\traditional\proc\p18f2550.asm
                 RCONbits   0x000fd0       data     extern E:\c18v3.46\pic18-lt\cxx-framework\src\traditional\proc\p18f2550.asm
                    RCREG   0x000fae       data     extern E:\c18v3.46\pic18-lt\cxx-framework\src\traditional\proc\p18f2550.asm
                    RCSTA   0x000fab       data     extern E:\c18v3.46\pic18-lt\cxx-framework\src\traditional\proc\p18f2550.asm
                RCSTAbits   0x000fab       data     extern E:\c18v3.46\pic18-lt\cxx-framework\src\traditional\proc\p18f2550.asm
             RemoteWakeup   0x00007f       data     extern C:\Users\nocturno\Dropbox\Micropic\Proyectos\MicroPIC\Teclado multimedia\MultiKey\USB\usb_device.c
                     SIGN   0x000000       data     extern E:\c18v3.46\pic18-lt\cxx-framework\src\traditional\math\cmath18.asm
                    SPBRG   0x000faf       data     extern E:\c18v3.46\pic18-lt\cxx-framework\src\traditional\proc\p18f2550.asm
                   SPBRGH   0x000fb0       data     extern E:\c18v3.46\pic18-lt\cxx-framework\src\traditional\proc\p18f2550.asm
                   SSPADD   0x000fc8       data     extern E:\c18v3.46\pic18-lt\cxx-framework\src\traditional\proc\p18f2550.asm
                   SSPBUF   0x000fc9       data     extern E:\c18v3.46\pic18-lt\cxx-framework\src\traditional\proc\p18f2550.asm
                  SSPCON1   0x000fc6       data     extern E:\c18v3.46\pic18-lt\cxx-framework\src\traditional\proc\p18f2550.asm
              SSPCON1bits   0x000fc6       data     extern E:\c18v3.46\pic18-lt\cxx-framework\src\traditional\proc\p18f2550.asm
                  SSPCON2   0x000fc5       data     extern E:\c18v3.46\pic18-lt\cxx-framework\src\traditional\proc\p18f2550.asm
              SSPCON2bits   0x000fc5       data     extern E:\c18v3.46\pic18-lt\cxx-framework\src\traditional\proc\p18f2550.asm
                  SSPSTAT   0x000fc7       data     extern E:\c18v3.46\pic18-lt\cxx-framework\src\traditional\proc\p18f2550.asm
              SSPSTATbits   0x000fc7       data     extern E:\c18v3.46\pic18-lt\cxx-framework\src\traditional\proc\p18f2550.asm
                   STATUS   0x000fd8       data     extern E:\c18v3.46\pic18-lt\cxx-framework\src\traditional\proc\p18f2550.asm
               STATUSbits   0x000fd8       data     extern E:\c18v3.46\pic18-lt\cxx-framework\src\traditional\proc\p18f2550.asm
                   STKPTR   0x000ffc       data     extern E:\c18v3.46\pic18-lt\cxx-framework\src\traditional\proc\p18f2550.asm
               STKPTRbits   0x000ffc       data     extern E:\c18v3.46\pic18-lt\cxx-framework\src\traditional\proc\p18f2550.asm
                 SetupPkt   0x000420       data     extern C:\Users\nocturno\Dropbox\Micropic\Proyectos\MicroPIC\Teclado multimedia\MultiKey\USB\usb_device.c
                    T0CON   0x000fd5       data     extern E:\c18v3.46\pic18-lt\cxx-framework\src\traditional\proc\p18f2550.asm
                T0CONbits   0x000fd5       data     extern E:\c18v3.46\pic18-lt\cxx-framework\src\traditional\proc\p18f2550.asm
                    T1CON   0x000fcd       data     extern E:\c18v3.46\pic18-lt\cxx-framework\src\traditional\proc\p18f2550.asm
                T1CONbits   0x000fcd       data     extern E:\c18v3.46\pic18-lt\cxx-framework\src\traditional\proc\p18f2550.asm
                    T2CON   0x000fca       data     extern E:\c18v3.46\pic18-lt\cxx-framework\src\traditional\proc\p18f2550.asm
                T2CONbits   0x000fca       data     extern E:\c18v3.46\pic18-lt\cxx-framework\src\traditional\proc\p18f2550.asm
                    T3CON   0x000fb1       data     extern E:\c18v3.46\pic18-lt\cxx-framework\src\traditional\proc\p18f2550.asm
                T3CONbits   0x000fb1       data     extern E:\c18v3.46\pic18-lt\cxx-framework\src\traditional\proc\p18f2550.asm
                   TABLAT   0x000ff5       data     extern E:\c18v3.46\pic18-lt\cxx-framework\src\traditional\proc\p18f2550.asm
                   TBLPTR   0x000ff6       data     extern E:\c18v3.46\pic18-lt\cxx-framework\src\traditional\proc\p18f2550.asm
                  TBLPTRH   0x000ff7       data     extern E:\c18v3.46\pic18-lt\cxx-framework\src\traditional\proc\p18f2550.asm
                  TBLPTRL   0x000ff6       data     extern E:\c18v3.46\pic18-lt\cxx-framework\src\traditional\proc\p18f2550.asm
                  TBLPTRU   0x000ff8       data     extern E:\c18v3.46\pic18-lt\cxx-framework\src\traditional\proc\p18f2550.asm
                    TMR0H   0x000fd7       data     extern E:\c18v3.46\pic18-lt\cxx-framework\src\traditional\proc\p18f2550.asm
                    TMR0L   0x000fd6       data     extern E:\c18v3.46\pic18-lt\cxx-framework\src\traditional\proc\p18f2550.asm
                    TMR1H   0x000fcf       data     extern E:\c18v3.46\pic18-lt\cxx-framework\src\traditional\proc\p18f2550.asm
                    TMR1L   0x000fce       data     extern E:\c18v3.46\pic18-lt\cxx-framework\src\traditional\proc\p18f2550.asm
                     TMR2   0x000fcc       data     extern E:\c18v3.46\pic18-lt\cxx-framework\src\traditional\proc\p18f2550.asm
                    TMR3H   0x000fb3       data     extern E:\c18v3.46\pic18-lt\cxx-framework\src\traditional\proc\p18f2550.asm
                    TMR3L   0x000fb2       data     extern E:\c18v3.46\pic18-lt\cxx-framework\src\traditional\proc\p18f2550.asm
                      TOS   0x000ffd       data     extern E:\c18v3.46\pic18-lt\cxx-framework\src\traditional\proc\p18f2550.asm
                     TOSH   0x000ffe       data     extern E:\c18v3.46\pic18-lt\cxx-framework\src\traditional\proc\p18f2550.asm
                     TOSL   0x000ffd       data     extern E:\c18v3.46\pic18-lt\cxx-framework\src\traditional\proc\p18f2550.asm
                     TOSU   0x000fff       data     extern E:\c18v3.46\pic18-lt\cxx-framework\src\traditional\proc\p18f2550.asm
                    TRISA   0x000f92       data     extern E:\c18v3.46\pic18-lt\cxx-framework\src\traditional\proc\p18f2550.asm
                TRISAbits   0x000f92       data     extern E:\c18v3.46\pic18-lt\cxx-framework\src\traditional\proc\p18f2550.asm
                    TRISB   0x000f93       data     extern E:\c18v3.46\pic18-lt\cxx-framework\src\traditional\proc\p18f2550.asm
                TRISBbits   0x000f93       data     extern E:\c18v3.46\pic18-lt\cxx-framework\src\traditional\proc\p18f2550.asm
                    TRISC   0x000f94       data     extern E:\c18v3.46\pic18-lt\cxx-framework\src\traditional\proc\p18f2550.asm
                TRISCbits   0x000f94       data     extern E:\c18v3.46\pic18-lt\cxx-framework\src\traditional\proc\p18f2550.asm
                    TXREG   0x000fad       data     extern E:\c18v3.46\pic18-lt\cxx-framework\src\traditional\proc\p18f2550.asm
                    TXSTA   0x000fac       data     extern E:\c18v3.46\pic18-lt\cxx-framework\src\traditional\proc\p18f2550.asm
                TXSTAbits   0x000fac       data     extern E:\c18v3.46\pic18-lt\cxx-framework\src\traditional\proc\p18f2550.asm
                    UADDR   0x000f6e       data     extern E:\c18v3.46\pic18-lt\cxx-framework\src\traditional\proc\p18f2550.asm
                UADDRbits   0x000f6e       data     extern E:\c18v3.46\pic18-lt\cxx-framework\src\traditional\proc\p18f2550.asm
                     UCFG   0x000f6f       data     extern E:\c18v3.46\pic18-lt\cxx-framework\src\traditional\proc\p18f2550.asm
                 UCFGbits   0x000f6f       data     extern E:\c18v3.46\pic18-lt\cxx-framework\src\traditional\proc\p18f2550.asm
                     UCON   0x000f6d       data     extern E:\c18v3.46\pic18-lt\cxx-framework\src\traditional\proc\p18f2550.asm
                 UCONbits   0x000f6d       data     extern E:\c18v3.46\pic18-lt\cxx-framework\src\traditional\proc\p18f2550.asm
                     UEIE   0x000f6b       data     extern E:\c18v3.46\pic18-lt\cxx-framework\src\traditional\proc\p18f2550.asm
                 UEIEbits   0x000f6b       data     extern E:\c18v3.46\pic18-lt\cxx-framework\src\traditional\proc\p18f2550.asm
                     UEIR   0x000f6a       data     extern E:\c18v3.46\pic18-lt\cxx-framework\src\traditional\proc\p18f2550.asm
                 UEIRbits   0x000f6a       data     extern E:\c18v3.46\pic18-lt\cxx-framework\src\traditional\proc\p18f2550.asm
                     UEP0   0x000f70       data     extern E:\c18v3.46\pic18-lt\cxx-framework\src\traditional\proc\p18f2550.asm
                 UEP0bits   0x000f70       data     extern E:\c18v3.46\pic18-lt\cxx-framework\src\traditional\proc\p18f2550.asm
                     UEP1   0x000f71       data     extern E:\c18v3.46\pic18-lt\cxx-framework\src\traditional\proc\p18f2550.asm
                    UEP10   0x000f7a       data     extern E:\c18v3.46\pic18-lt\cxx-framework\src\traditional\proc\p18f2550.asm
                UEP10bits   0x000f7a       data     extern E:\c18v3.46\pic18-lt\cxx-framework\src\traditional\proc\p18f2550.asm
                    UEP11   0x000f7b       data     extern E:\c18v3.46\pic18-lt\cxx-framework\src\traditional\proc\p18f2550.asm
                UEP11bits   0x000f7b       data     extern E:\c18v3.46\pic18-lt\cxx-framework\src\traditional\proc\p18f2550.asm
                    UEP12   0x000f7c       data     extern E:\c18v3.46\pic18-lt\cxx-framework\src\traditional\proc\p18f2550.asm
                UEP12bits   0x000f7c       data     extern E:\c18v3.46\pic18-lt\cxx-framework\src\traditional\proc\p18f2550.asm
                    UEP13   0x000f7d       data     extern E:\c18v3.46\pic18-lt\cxx-framework\src\traditional\proc\p18f2550.asm
                UEP13bits   0x000f7d       data     extern E:\c18v3.46\pic18-lt\cxx-framework\src\traditional\proc\p18f2550.asm
                    UEP14   0x000f7e       data     extern E:\c18v3.46\pic18-lt\cxx-framework\src\traditional\proc\p18f2550.asm
                UEP14bits   0x000f7e       data     extern E:\c18v3.46\pic18-lt\cxx-framework\src\traditional\proc\p18f2550.asm
                    UEP15   0x000f7f       data     extern E:\c18v3.46\pic18-lt\cxx-framework\src\traditional\proc\p18f2550.asm
                UEP15bits   0x000f7f       data     extern E:\c18v3.46\pic18-lt\cxx-framework\src\traditional\proc\p18f2550.asm
                 UEP1bits   0x000f71       data     extern E:\c18v3.46\pic18-lt\cxx-framework\src\traditional\proc\p18f2550.asm
                     UEP2   0x000f72       data     extern E:\c18v3.46\pic18-lt\cxx-framework\src\traditional\proc\p18f2550.asm
                 UEP2bits   0x000f72       data     extern E:\c18v3.46\pic18-lt\cxx-framework\src\traditional\proc\p18f2550.asm
                     UEP3   0x000f73       data     extern E:\c18v3.46\pic18-lt\cxx-framework\src\traditional\proc\p18f2550.asm
                 UEP3bits   0x000f73       data     extern E:\c18v3.46\pic18-lt\cxx-framework\src\traditional\proc\p18f2550.asm
                     UEP4   0x000f74       data     extern E:\c18v3.46\pic18-lt\cxx-framework\src\traditional\proc\p18f2550.asm
                 UEP4bits   0x000f74       data     extern E:\c18v3.46\pic18-lt\cxx-framework\src\traditional\proc\p18f2550.asm
                     UEP5   0x000f75       data     extern E:\c18v3.46\pic18-lt\cxx-framework\src\traditional\proc\p18f2550.asm
                 UEP5bits   0x000f75       data     extern E:\c18v3.46\pic18-lt\cxx-framework\src\traditional\proc\p18f2550.asm
                     UEP6   0x000f76       data     extern E:\c18v3.46\pic18-lt\cxx-framework\src\traditional\proc\p18f2550.asm
                 UEP6bits   0x000f76       data     extern E:\c18v3.46\pic18-lt\cxx-framework\src\traditional\proc\p18f2550.asm
                     UEP7   0x000f77       data     extern E:\c18v3.46\pic18-lt\cxx-framework\src\traditional\proc\p18f2550.asm
                 UEP7bits   0x000f77       data     extern E:\c18v3.46\pic18-lt\cxx-framework\src\traditional\proc\p18f2550.asm
                     UEP8   0x000f78       data     extern E:\c18v3.46\pic18-lt\cxx-framework\src\traditional\proc\p18f2550.asm
                 UEP8bits   0x000f78       data     extern E:\c18v3.46\pic18-lt\cxx-framework\src\traditional\proc\p18f2550.asm
                     UEP9   0x000f79       data     extern E:\c18v3.46\pic18-lt\cxx-framework\src\traditional\proc\p18f2550.asm
                 UEP9bits   0x000f79       data     extern E:\c18v3.46\pic18-lt\cxx-framework\src\traditional\proc\p18f2550.asm
                     UFRM   0x000f66       data     extern E:\c18v3.46\pic18-lt\cxx-framework\src\traditional\proc\p18f2550.asm
                    UFRMH   0x000f67       data     extern E:\c18v3.46\pic18-lt\cxx-framework\src\traditional\proc\p18f2550.asm
                UFRMHbits   0x000f67       data     extern E:\c18v3.46\pic18-lt\cxx-framework\src\traditional\proc\p18f2550.asm
                    UFRML   0x000f66       data     extern E:\c18v3.46\pic18-lt\cxx-framework\src\traditional\proc\p18f2550.asm
                UFRMLbits   0x000f66       data     extern E:\c18v3.46\pic18-lt\cxx-framework\src\traditional\proc\p18f2550.asm
                      UIE   0x000f69       data     extern E:\c18v3.46\pic18-lt\cxx-framework\src\traditional\proc\p18f2550.asm
                  UIEbits   0x000f69       data     extern E:\c18v3.46\pic18-lt\cxx-framework\src\traditional\proc\p18f2550.asm
                      UIR   0x000f68       data     extern E:\c18v3.46\pic18-lt\cxx-framework\src\traditional\proc\p18f2550.asm
                  UIRbits   0x000f68       data     extern E:\c18v3.46\pic18-lt\cxx-framework\src\traditional\proc\p18f2550.asm
   USBActiveConfiguration   0x000061       data     extern C:\Users\nocturno\Dropbox\Micropic\Proyectos\MicroPIC\Teclado multimedia\MultiKey\USB\usb_device.c
    USBAlternateInterface   0x000062       data     extern C:\Users\nocturno\Dropbox\Micropic\Proyectos\MicroPIC\Teclado multimedia\MultiKey\USB\usb_device.c
        USBBusIsSuspended   0x000080       data     extern C:\Users\nocturno\Dropbox\Micropic\Proyectos\MicroPIC\Teclado multimedia\MultiKey\USB\usb_device.c
USBDeferINDataStagePackets   0x00008c       data     extern C:\Users\nocturno\Dropbox\Micropic\Proyectos\MicroPIC\Teclado multimedia\MultiKey\USB\usb_device.c
USBDeferOUTDataStagePackets   0x00008d       data     extern C:\Users\nocturno\Dropbox\Micropic\Proyectos\MicroPIC\Teclado multimedia\MultiKey\USB\usb_device.c
USBDeferStatusStagePacket   0x000089       data     extern C:\Users\nocturno\Dropbox\Micropic\Proyectos\MicroPIC\Teclado multimedia\MultiKey\USB\usb_device.c
           USBDeviceState   0x000060       data     extern C:\Users\nocturno\Dropbox\Micropic\Proyectos\MicroPIC\Teclado multimedia\MultiKey\USB\usb_device.c
USBStatusStageEnabledFlag1   0x00008a       data     extern C:\Users\nocturno\Dropbox\Micropic\Proyectos\MicroPIC\Teclado multimedia\MultiKey\USB\usb_device.c
USBStatusStageEnabledFlag2   0x00008b       data     extern C:\Users\nocturno\Dropbox\Micropic\Proyectos\MicroPIC\Teclado multimedia\MultiKey\USB\usb_device.c
USBStatusStageTimeoutCounter   0x000088       data     extern C:\Users\nocturno\Dropbox\Micropic\Proyectos\MicroPIC\Teclado multimedia\MultiKey\USB\usb_device.c
                    USTAT   0x000f6c       data     extern E:\c18v3.46\pic18-lt\cxx-framework\src\traditional\proc\p18f2550.asm
                USTATbits   0x000f6c       data     extern E:\c18v3.46\pic18-lt\cxx-framework\src\traditional\proc\p18f2550.asm
                USTATcopy   0x000081       data     extern C:\Users\nocturno\Dropbox\Micropic\Proyectos\MicroPIC\Teclado multimedia\MultiKey\USB\usb_device.c
                   WDTCON   0x000fd1       data     extern E:\c18v3.46\pic18-lt\cxx-framework\src\traditional\proc\p18f2550.asm
               WDTCONbits   0x000fd1       data     extern E:\c18v3.46\pic18-lt\cxx-framework\src\traditional\proc\p18f2550.asm
                     WREG   0x000fe8       data     extern E:\c18v3.46\pic18-lt\cxx-framework\src\traditional\proc\p18f2550.asm
                 __AARGB0   0x000009       data     extern E:\c18v3.46\pic18-lt\cxx-framework\src\traditional\math\aarg.asm
                 __AARGB1   0x000008       data     extern E:\c18v3.46\pic18-lt\cxx-framework\src\traditional\math\aarg.asm
                 __AARGB2   0x000007       data     extern E:\c18v3.46\pic18-lt\cxx-framework\src\traditional\math\aarg.asm
                 __AARGB3   0x000006       data     extern E:\c18v3.46\pic18-lt\cxx-framework\src\traditional\math\aarg.asm
                 __AARGB4   0x000005       data     extern E:\c18v3.46\pic18-lt\cxx-framework\src\traditional\math\aarg.asm
                 __AARGB5   0x000004       data     extern E:\c18v3.46\pic18-lt\cxx-framework\src\traditional\math\aarg.asm
                 __AARGB6   0x000003       data     extern E:\c18v3.46\pic18-lt\cxx-framework\src\traditional\math\aarg.asm
                 __AARGB7   0x000002       data     extern E:\c18v3.46\pic18-lt\cxx-framework\src\traditional\math\aarg.asm
                   __AEXP   0x00000a       data     extern E:\c18v3.46\pic18-lt\cxx-framework\src\traditional\math\aarg.asm
                 __BARGB0   0x00000e       data     extern E:\c18v3.46\pic18-lt\cxx-framework\src\traditional\math\barg.asm
                 __BARGB1   0x00000d       data     extern E:\c18v3.46\pic18-lt\cxx-framework\src\traditional\math\barg.asm
                 __BARGB2   0x00000c       data     extern E:\c18v3.46\pic18-lt\cxx-framework\src\traditional\math\barg.asm
                 __BARGB3   0x00000b       data     extern E:\c18v3.46\pic18-lt\cxx-framework\src\traditional\math\barg.asm
                   __BEXP   0x00000f       data     extern E:\c18v3.46\pic18-lt\cxx-framework\src\traditional\math\barg.asm
                __FPFLAGS   0x000001       data     extern E:\c18v3.46\pic18-lt\cxx-framework\src\traditional\math\cmath18.asm
            __FPFLAGSbits   0x000001       data     extern E:\c18v3.46\pic18-lt\cxx-framework\src\traditional\math\cmath18.asm
                  __REMB0   0x000005       data     extern E:\c18v3.46\pic18-lt\cxx-framework\src\traditional\math\aarg.asm
                  __REMB1   0x000004       data     extern E:\c18v3.46\pic18-lt\cxx-framework\src\traditional\math\aarg.asm
                  __REMB2   0x000003       data     extern E:\c18v3.46\pic18-lt\cxx-framework\src\traditional\math\aarg.asm
                  __REMB3   0x000002       data     extern E:\c18v3.46\pic18-lt\cxx-framework\src\traditional\math\aarg.asm
                  __tmp_0   0x000010       data     static E:\c18v3.46\pic18-lt\cxx-framework\src\pmc_common\ADC\adcsetch.c
                  __tmp_0   0x000010       data     static E:\c18v3.46\pic18-lt\cxx-framework\src\pmc_common\ADC\adcread.c
                  __tmp_0   0x000010       data     static E:\c18v3.46\pic18-lt\cxx-framework\src\pmc_common\USART\uopen.c
                  __tmp_0   0x000010       data     static E:\c18v3.46\pic18-lt\cxx-framework\src\pmc_common\ADC\adcopen.c
                  __tmp_0   0x000010       data     static C:\Users\nocturno\Dropbox\Micropic\Proyectos\MicroPIC\Teclado multimedia\MultiKey\USB\usb_device.c
                  __tmp_0   0x000010       data     static C:\Users\nocturno\Dropbox\Micropic\Proyectos\MicroPIC\Teclado multimedia\MultiKey\MultiKey.c
          active_protocol   0x0000bc       data     extern C:\Users\nocturno\Dropbox\Micropic\Proyectos\MicroPIC\Teclado multimedia\MultiKey\USB\usb_function_hid.c
                      bug   0x0000b8       data     extern C:\Users\nocturno\Dropbox\Micropic\Proyectos\MicroPIC\Teclado multimedia\MultiKey\MultiKey.c
     controlTransferState   0x000070       data     extern C:\Users\nocturno\Dropbox\Micropic\Proyectos\MicroPIC\Teclado multimedia\MultiKey\USB\usb_device.c
                curr_byte   0x0000af       data     static E:\c18v3.46\pic18-lt\cxx-framework\src\traditional\startup\c018i.c
               curr_entry   0x0000b1       data     static E:\c18v3.46\pic18-lt\cxx-framework\src\traditional\startup\c018i.c
                 data_ptr   0x0000b3       data     static E:\c18v3.46\pic18-lt\cxx-framework\src\traditional\startup\c018i.c
              delay_count   0x0000aa       data     static C:\Users\nocturno\Dropbox\Micropic\Proyectos\MicroPIC\Teclado multimedia\MultiKey\MultiKey.c
          endpoint_number   0x000082       data     extern C:\Users\nocturno\Dropbox\Micropic\Proyectos\MicroPIC\Teclado multimedia\MultiKey\USB\usb_device.c
               ep_data_in   0x000084       data     extern C:\Users\nocturno\Dropbox\Micropic\Proyectos\MicroPIC\Teclado multimedia\MultiKey\USB\usb_device.c
              ep_data_out   0x000086       data     extern C:\Users\nocturno\Dropbox\Micropic\Proyectos\MicroPIC\Teclado multimedia\MultiKey\USB\usb_device.c
            hid_report_in   0x000431       data     extern C:\Users\nocturno\Dropbox\Micropic\Proyectos\MicroPIC\Teclado multimedia\MultiKey\USB\usb_device.c
           hid_report_out   0x000430       data     extern C:\Users\nocturno\Dropbox\Micropic\Proyectos\MicroPIC\Teclado multimedia\MultiKey\USB\usb_device.c
                idle_rate   0x0000bb       data     extern C:\Users\nocturno\Dropbox\Micropic\Proyectos\MicroPIC\Teclado multimedia\MultiKey\USB\usb_function_hid.c
                  inPipes   0x000071       data     extern C:\Users\nocturno\Dropbox\Micropic\Proyectos\MicroPIC\Teclado multimedia\MultiKey\USB\usb_device.c
                      key   0x0000ba       data     static C:\Users\nocturno\Dropbox\Micropic\Proyectos\MicroPIC\Teclado multimedia\MultiKey\MultiKey.c
                 key_pass   0x0000b6       data     extern C:\Users\nocturno\Dropbox\Micropic\Proyectos\MicroPIC\Teclado multimedia\MultiKey\MultiKey.c
       lastINTransmission   0x00008e       data     extern C:\Users\nocturno\Dropbox\Micropic\Proyectos\MicroPIC\Teclado multimedia\MultiKey\MultiKey.c
      lastOUTTransmission   0x000090       data     extern C:\Users\nocturno\Dropbox\Micropic\Proyectos\MicroPIC\Teclado multimedia\MultiKey\MultiKey.c
                 outPipes   0x000076       data     extern C:\Users\nocturno\Dropbox\Micropic\Proyectos\MicroPIC\Teclado multimedia\MultiKey\USB\usb_device.c
   pBDTEntryEP0OutCurrent   0x000063       data     extern C:\Users\nocturno\Dropbox\Micropic\Proyectos\MicroPIC\Teclado multimedia\MultiKey\USB\usb_device.c
      pBDTEntryEP0OutNext   0x000065       data     extern C:\Users\nocturno\Dropbox\Micropic\Proyectos\MicroPIC\Teclado multimedia\MultiKey\USB\usb_device.c
              pBDTEntryIn   0x00006b       data     extern C:\Users\nocturno\Dropbox\Micropic\Proyectos\MicroPIC\Teclado multimedia\MultiKey\USB\usb_device.c
             pBDTEntryOut   0x000067       data     extern C:\Users\nocturno\Dropbox\Micropic\Proyectos\MicroPIC\Teclado multimedia\MultiKey\USB\usb_device.c
                     pDst   0x00007d       data     extern C:\Users\nocturno\Dropbox\Micropic\Proyectos\MicroPIC\Teclado multimedia\MultiKey\USB\usb_device.c
                     prom   0x0000ac       data     static E:\c18v3.46\pic18-lt\cxx-framework\src\traditional\startup\c018i.c
        shortPacketStatus   0x00006f       data     extern C:\Users\nocturno\Dropbox\Micropic\Proyectos\MicroPIC\Teclado multimedia\MultiKey\USB\usb_device.c



                              Symbols - Sorted by Address
                     Name    Address   Location    Storage File                     
                ---------  ---------  ---------  --------- ---------                
                   _entry   0x000000    program     extern E:\c18v3.46\pic18-lt\cxx-framework\src\traditional\startup\c018i.c
       ___return_lbl00000   0x000004    program     static                          
                 High_ISR   0x000008    program     extern C:\Users\nocturno\Dropbox\Micropic\Proyectos\MicroPIC\Teclado multimedia\MultiKey\MultiKey.c
       ___return_lbl00003   0x00000c    program     static                          
                  Low_ISR   0x000018    program     extern C:\Users\nocturno\Dropbox\Micropic\Proyectos\MicroPIC\Teclado multimedia\MultiKey\MultiKey.c
       ___return_lbl00004   0x00001c    program     static                          
                   _reset   0x001000    program     extern C:\Users\nocturno\Dropbox\Micropic\Proyectos\MicroPIC\Teclado multimedia\MultiKey\MultiKey.c
       ___return_lbl00000   0x001004    program     static                          
        Remapped_High_ISR   0x001008    program     extern C:\Users\nocturno\Dropbox\Micropic\Proyectos\MicroPIC\Teclado multimedia\MultiKey\MultiKey.c
       ___return_lbl00001   0x00100c    program     static                          
         Remapped_Low_ISR   0x001018    program     extern C:\Users\nocturno\Dropbox\Micropic\Proyectos\MicroPIC\Teclado multimedia\MultiKey\MultiKey.c
       ___return_lbl00002   0x00101c    program     static                          
            USBDeviceInit   0x001038    program     extern C:\Users\nocturno\Dropbox\Micropic\Proyectos\MicroPIC\Teclado multimedia\MultiKey\USB\usb_device.c
           USBDeviceTasks   0x001150    program     extern C:\Users\nocturno\Dropbox\Micropic\Proyectos\MicroPIC\Teclado multimedia\MultiKey\USB\usb_device.c
        USBEnableEndpoint   0x0012d8    program     extern C:\Users\nocturno\Dropbox\Micropic\Proyectos\MicroPIC\Teclado multimedia\MultiKey\USB\usb_device.c
     USBTransferOnePacket   0x001346    program     extern C:\Users\nocturno\Dropbox\Micropic\Proyectos\MicroPIC\Teclado multimedia\MultiKey\USB\usb_device.c
         USBStallEndpoint   0x001438    program     extern C:\Users\nocturno\Dropbox\Micropic\Proyectos\MicroPIC\Teclado multimedia\MultiKey\USB\usb_device.c
              USBCancelIO   0x001514    program     extern C:\Users\nocturno\Dropbox\Micropic\Proyectos\MicroPIC\Teclado multimedia\MultiKey\USB\usb_device.c
USBCtrlEPAllowStatusStage   0x0015c4    program     extern C:\Users\nocturno\Dropbox\Micropic\Proyectos\MicroPIC\Teclado multimedia\MultiKey\USB\usb_device.c
  USBCtrlEPAllowDataStage   0x001666    program     extern C:\Users\nocturno\Dropbox\Micropic\Proyectos\MicroPIC\Teclado multimedia\MultiKey\USB\usb_device.c
     USBConfigureEndpoint   0x0016e2    program     static C:\Users\nocturno\Dropbox\Micropic\Proyectos\MicroPIC\Teclado multimedia\MultiKey\USB\usb_device.c
 USBCtrlEPServiceComplete   0x00178e    program     static C:\Users\nocturno\Dropbox\Micropic\Proyectos\MicroPIC\Teclado multimedia\MultiKey\USB\usb_device.c
      USBCtrlTrfTxService   0x001850    program     static C:\Users\nocturno\Dropbox\Micropic\Proyectos\MicroPIC\Teclado multimedia\MultiKey\USB\usb_device.c
      USBCtrlTrfRxService   0x00190e    program     static C:\Users\nocturno\Dropbox\Micropic\Proyectos\MicroPIC\Teclado multimedia\MultiKey\USB\usb_device.c
      USBStdSetCfgHandler   0x001a4c    program     static C:\Users\nocturno\Dropbox\Micropic\Proyectos\MicroPIC\Teclado multimedia\MultiKey\USB\usb_device.c
      USBStdGetDscHandler   0x001b44    program     static C:\Users\nocturno\Dropbox\Micropic\Proyectos\MicroPIC\Teclado multimedia\MultiKey\USB\usb_device.c
   USBStdGetStatusHandler   0x001bfe    program     static C:\Users\nocturno\Dropbox\Micropic\Proyectos\MicroPIC\Teclado multimedia\MultiKey\USB\usb_device.c
          USBStallHandler   0x001cc0    program     static C:\Users\nocturno\Dropbox\Micropic\Proyectos\MicroPIC\Teclado multimedia\MultiKey\USB\usb_device.c
               USBSuspend   0x001cf2    program     static C:\Users\nocturno\Dropbox\Micropic\Proyectos\MicroPIC\Teclado multimedia\MultiKey\USB\usb_device.c
       USBWakeFromSuspend   0x001d1c    program     static C:\Users\nocturno\Dropbox\Micropic\Proyectos\MicroPIC\Teclado multimedia\MultiKey\USB\usb_device.c
         USBCtrlEPService   0x001d4a    program     static C:\Users\nocturno\Dropbox\Micropic\Proyectos\MicroPIC\Teclado multimedia\MultiKey\USB\usb_device.c
   USBCtrlTrfSetupHandler   0x001e1a    program     static C:\Users\nocturno\Dropbox\Micropic\Proyectos\MicroPIC\Teclado multimedia\MultiKey\USB\usb_device.c
     USBCtrlTrfOutHandler   0x001e78    program     static C:\Users\nocturno\Dropbox\Micropic\Proyectos\MicroPIC\Teclado multimedia\MultiKey\USB\usb_device.c
      USBCtrlTrfInHandler   0x001ec2    program     static C:\Users\nocturno\Dropbox\Micropic\Proyectos\MicroPIC\Teclado multimedia\MultiKey\USB\usb_device.c
       USBCheckStdRequest   0x001f70    program     static C:\Users\nocturno\Dropbox\Micropic\Proyectos\MicroPIC\Teclado multimedia\MultiKey\USB\usb_device.c
  USBStdFeatureReqHandler   0x00202e    program     static C:\Users\nocturno\Dropbox\Micropic\Proyectos\MicroPIC\Teclado multimedia\MultiKey\USB\usb_device.c
  YourHighPriorityISRCode   0x00229e    program     extern C:\Users\nocturno\Dropbox\Micropic\Proyectos\MicroPIC\Teclado multimedia\MultiKey\MultiKey.c
   YourLowPriorityISRCode   0x0022ac    program     extern C:\Users\nocturno\Dropbox\Micropic\Proyectos\MicroPIC\Teclado multimedia\MultiKey\MultiKey.c
                     main   0x0022ce    program     extern C:\Users\nocturno\Dropbox\Micropic\Proyectos\MicroPIC\Teclado multimedia\MultiKey\MultiKey.c
         InitializeSystem   0x0022da    program     static C:\Users\nocturno\Dropbox\Micropic\Proyectos\MicroPIC\Teclado multimedia\MultiKey\MultiKey.c
                 UserInit   0x0022e8    program     extern C:\Users\nocturno\Dropbox\Micropic\Proyectos\MicroPIC\Teclado multimedia\MultiKey\MultiKey.c
                ProcessIO   0x002328    program     extern C:\Users\nocturno\Dropbox\Micropic\Proyectos\MicroPIC\Teclado multimedia\MultiKey\MultiKey.c
                      Led   0x00234c    program     extern C:\Users\nocturno\Dropbox\Micropic\Proyectos\MicroPIC\Teclado multimedia\MultiKey\MultiKey.c
                MtouchKey   0x002368    program     extern C:\Users\nocturno\Dropbox\Micropic\Proyectos\MicroPIC\Teclado multimedia\MultiKey\MultiKey.c
                MtouchCVD   0x002438    program     extern C:\Users\nocturno\Dropbox\Micropic\Proyectos\MicroPIC\Teclado multimedia\MultiKey\MultiKey.c
                 Keyboard   0x0026b0    program     extern C:\Users\nocturno\Dropbox\Micropic\Proyectos\MicroPIC\Teclado multimedia\MultiKey\MultiKey.c
             USBCBSuspend   0x0027a0    program     extern C:\Users\nocturno\Dropbox\Micropic\Proyectos\MicroPIC\Teclado multimedia\MultiKey\MultiKey.c
     USBCBWakeFromSuspend   0x0027a2    program     extern C:\Users\nocturno\Dropbox\Micropic\Proyectos\MicroPIC\Teclado multimedia\MultiKey\MultiKey.c
        USBCB_SOF_Handler   0x0027a4    program     extern C:\Users\nocturno\Dropbox\Micropic\Proyectos\MicroPIC\Teclado multimedia\MultiKey\MultiKey.c
        USBCBErrorHandler   0x0027a6    program     extern C:\Users\nocturno\Dropbox\Micropic\Proyectos\MicroPIC\Teclado multimedia\MultiKey\MultiKey.c
       USBCBCheckOtherReq   0x0027a8    program     extern C:\Users\nocturno\Dropbox\Micropic\Proyectos\MicroPIC\Teclado multimedia\MultiKey\MultiKey.c
    USBCBStdSetDscHandler   0x0027ac    program     extern C:\Users\nocturno\Dropbox\Micropic\Proyectos\MicroPIC\Teclado multimedia\MultiKey\MultiKey.c
              USBCBInitEP   0x0027ae    program     extern C:\Users\nocturno\Dropbox\Micropic\Proyectos\MicroPIC\Teclado multimedia\MultiKey\MultiKey.c
          USBCBSendResume   0x0027e6    program     extern C:\Users\nocturno\Dropbox\Micropic\Proyectos\MicroPIC\Teclado multimedia\MultiKey\MultiKey.c
USER_USB_CALLBACK_EVENT_HANDLER   0x00282a    program     extern C:\Users\nocturno\Dropbox\Micropic\Proyectos\MicroPIC\Teclado multimedia\MultiKey\MultiKey.c
 USBHIDCBSetReportHandler   0x0028be    program     extern C:\Users\nocturno\Dropbox\Micropic\Proyectos\MicroPIC\Teclado multimedia\MultiKey\MultiKey.c
USBHIDCBSetReportComplete   0x0028da    program     extern C:\Users\nocturno\Dropbox\Micropic\Proyectos\MicroPIC\Teclado multimedia\MultiKey\MultiKey.c
               device_dsc   0x0028ee    program     extern C:\Users\nocturno\Dropbox\Micropic\Proyectos\MicroPIC\Teclado multimedia\MultiKey\usb_descriptors.c
        configDescriptor1   0x002900    program     extern C:\Users\nocturno\Dropbox\Micropic\Proyectos\MicroPIC\Teclado multimedia\MultiKey\usb_descriptors.c
                    sd000   0x002929    program     extern C:\Users\nocturno\Dropbox\Micropic\Proyectos\MicroPIC\Teclado multimedia\MultiKey\usb_descriptors.c
                    sd001   0x00292d    program     extern C:\Users\nocturno\Dropbox\Micropic\Proyectos\MicroPIC\Teclado multimedia\MultiKey\usb_descriptors.c
                    sd002   0x002961    program     extern C:\Users\nocturno\Dropbox\Micropic\Proyectos\MicroPIC\Teclado multimedia\MultiKey\usb_descriptors.c
                hid_rpt01   0x00297d    program     extern C:\Users\nocturno\Dropbox\Micropic\Proyectos\MicroPIC\Teclado multimedia\MultiKey\usb_descriptors.c
               USB_CD_Ptr   0x0029e5    program     extern C:\Users\nocturno\Dropbox\Micropic\Proyectos\MicroPIC\Teclado multimedia\MultiKey\usb_descriptors.c
               USB_SD_Ptr   0x0029e7    program     extern C:\Users\nocturno\Dropbox\Micropic\Proyectos\MicroPIC\Teclado multimedia\MultiKey\usb_descriptors.c
       USBCheckHIDRequest   0x0029ee    program     extern C:\Users\nocturno\Dropbox\Micropic\Proyectos\MicroPIC\Teclado multimedia\MultiKey\USB\usb_function_hid.c
                _do_cinit   0x002aba    program     extern E:\c18v3.46\pic18-lt\cxx-framework\src\traditional\startup\c018i.c
                     test   0x002ad4    program     static                          
                copy_loop   0x002b2c    program     static                          
            copy_one_byte   0x002b32    program     static                          
             done_copying   0x002b40    program     static                          
       ___return_lbl00002   0x002b56    program     static                          
                     done   0x002b56    program     static                          
                OpenUSART   0x002b58    program     extern E:\c18v3.46\pic18-lt\cxx-framework\src\pmc_common\USART\uopen.c
                  OpenADC   0x002be2    program     extern E:\c18v3.46\pic18-lt\cxx-framework\src\pmc_common\ADC\adcopen.c
                 FXD1616S   0x002c50    program     extern E:\c18v3.46\pic18-lt\cxx-framework\src\traditional\math\fxd1616s.asm
                  DA1616S   0x002c62    program     static E:\c18v3.46\pic18-lt\cxx-framework\src\traditional\math\fxd1616s.asm
                   D1616S   0x002c72    program     static E:\c18v3.46\pic18-lt\cxx-framework\src\traditional\math\fxd1616s.asm
                 D1616SOK   0x002c7c    program     static E:\c18v3.46\pic18-lt\cxx-framework\src\traditional\math\fxd1616s.asm
                D1616SNEG   0x002c80    program     static E:\c18v3.46\pic18-lt\cxx-framework\src\traditional\math\fxd1616s.asm
                  D1616SX   0x002c92    program     static E:\c18v3.46\pic18-lt\cxx-framework\src\traditional\math\fxd1616s.asm
                   memset   0x002c9c    program     extern E:\c18v3.46\pic18-lt\cxx-framework\src\traditional\stdclib\memset.asm
                    jLoop   0x002cb0    program     static E:\c18v3.46\pic18-lt\cxx-framework\src\traditional\stdclib\memset.asm
              _2jContinue   0x002cbc    program     static E:\c18v3.46\pic18-lt\cxx-framework\src\traditional\stdclib\memset.asm
                   _3jEnd   0x002cc6    program     static E:\c18v3.46\pic18-lt\cxx-framework\src\traditional\stdclib\memset.asm
                     jEnd   0x002cce    program     static E:\c18v3.46\pic18-lt\cxx-framework\src\traditional\stdclib\memset.asm
             Delay10KTCYx   0x002cd0    program     extern E:\c18v3.46\pic18-lt\cxx-framework\src\traditional\delays\d10ktcyx.asm
                    D10Kx   0x002cda    program     static E:\c18v3.46\pic18-lt\cxx-framework\src\traditional\delays\d10ktcyx.asm
                   D10K_1   0x002cdc    program     static E:\c18v3.46\pic18-lt\cxx-framework\src\traditional\delays\d10ktcyx.asm
       _D10KTCYXCODE_0010   0x002ce0    program     static E:\c18v3.46\pic18-lt\cxx-framework\src\traditional\delays\d10ktcyx.asm
                    D10Kl   0x002ce8    program     static E:\c18v3.46\pic18-lt\cxx-framework\src\traditional\delays\d10ktcyx.asm
       _D10KTCYXCODE_001C   0x002cec    program     static E:\c18v3.46\pic18-lt\cxx-framework\src\traditional\delays\d10ktcyx.asm
               SetChanADC   0x002cfe    program     extern E:\c18v3.46\pic18-lt\cxx-framework\src\pmc_common\ADC\adcsetch.c
                 FXD1616U   0x002d2c    program     extern E:\c18v3.46\pic18-lt\cxx-framework\src\traditional\math\fxd1616u.c
                     loop   0x002d36    program     static                          
                  endloop   0x002d52    program     static                          
       ___return_lbl00000   0x002d56    program     static                          
            __zero_memory   0x002d58    program     extern E:\c18v3.46\pic18-lt\cxx-framework\src\traditional\proc\p18f2550.asm
[...]
                TRISBbits   0x000f93       data     extern E:\c18v3.46\pic18-lt\cxx-framework\src\traditional\proc\p18f2550.asm
                     DDRB   0x000f93       data     extern E:\c18v3.46\pic18-lt\cxx-framework\src\traditional\proc\p18f2550.asm
                 DDRBbits   0x000f93       data     extern E:\c18v3.46\pic18-lt\cxx-framework\src\traditional\proc\p18f2550.asm
                     DDRC   0x000f94       data     extern E:\c18v3.46\pic18-lt\cxx-framework\src\traditional\proc\p18f2550.asm
                 DDRCbits   0x000f94       data     extern E:\c18v3.46\pic18-lt\cxx-framework\src\traditional\proc\p18f2550.asm
                    TRISC   0x000f94       data     extern E:\c18v3.46\pic18-lt\cxx-framework\src\traditional\proc\p18f2550.asm
                TRISCbits   0x000f94       data     extern E:\c18v3.46\pic18-lt\cxx-framework\src\traditional\proc\p18f2550.asm
                  OSCTUNE   0x000f9b       data     extern E:\c18v3.46\pic18-lt\cxx-framework\src\traditional\proc\p18f2550.asm
              OSCTUNEbits   0x000f9b       data     extern E:\c18v3.46\pic18-lt\cxx-framework\src\traditional\proc\p18f2550.asm
                     PIE1   0x000f9d       data     extern E:\c18v3.46\pic18-lt\cxx-framework\src\traditional\proc\p18f2550.asm
                 PIE1bits   0x000f9d       data     extern E:\c18v3.46\pic18-lt\cxx-framework\src\traditional\proc\p18f2550.asm
                 PIR1bits   0x000f9e       data     extern E:\c18v3.46\pic18-lt\cxx-framework\src\traditional\proc\p18f2550.asm
                     PIR1   0x000f9e       data     extern E:\c18v3.46\pic18-lt\cxx-framework\src\traditional\proc\p18f2550.asm
                     IPR1   0x000f9f       data     extern E:\c18v3.46\pic18-lt\cxx-framework\src\traditional\proc\p18f2550.asm
                 IPR1bits   0x000f9f       data     extern E:\c18v3.46\pic18-lt\cxx-framework\src\traditional\proc\p18f2550.asm
                 PIE2bits   0x000fa0       data     extern E:\c18v3.46\pic18-lt\cxx-framework\src\traditional\proc\p18f2550.asm
                     PIE2   0x000fa0       data     extern E:\c18v3.46\pic18-lt\cxx-framework\src\traditional\proc\p18f2550.asm
                     PIR2   0x000fa1       data     extern E:\c18v3.46\pic18-lt\cxx-framework\src\traditional\proc\p18f2550.asm
                 PIR2bits   0x000fa1       data     extern E:\c18v3.46\pic18-lt\cxx-framework\src\traditional\proc\p18f2550.asm
                     IPR2   0x000fa2       data     extern E:\c18v3.46\pic18-lt\cxx-framework\src\traditional\proc\p18f2550.asm
                 IPR2bits   0x000fa2       data     extern E:\c18v3.46\pic18-lt\cxx-framework\src\traditional\proc\p18f2550.asm
               EECON1bits   0x000fa6       data     extern E:\c18v3.46\pic18-lt\cxx-framework\src\traditional\proc\p18f2550.asm
                   EECON1   0x000fa6       data     extern E:\c18v3.46\pic18-lt\cxx-framework\src\traditional\proc\p18f2550.asm
                   EECON2   0x000fa7       data     extern E:\c18v3.46\pic18-lt\cxx-framework\src\traditional\proc\p18f2550.asm
                   EEDATA   0x000fa8       data     extern E:\c18v3.46\pic18-lt\cxx-framework\src\traditional\proc\p18f2550.asm
                    EEADR   0x000fa9       data     extern E:\c18v3.46\pic18-lt\cxx-framework\src\traditional\proc\p18f2550.asm
                    RCSTA   0x000fab       data     extern E:\c18v3.46\pic18-lt\cxx-framework\src\traditional\proc\p18f2550.asm
                RCSTAbits   0x000fab       data     extern E:\c18v3.46\pic18-lt\cxx-framework\src\traditional\proc\p18f2550.asm
                    TXSTA   0x000fac       data     extern E:\c18v3.46\pic18-lt\cxx-framework\src\traditional\proc\p18f2550.asm
                TXSTAbits   0x000fac       data     extern E:\c18v3.46\pic18-lt\cxx-framework\src\traditional\proc\p18f2550.asm
                    TXREG   0x000fad       data     extern E:\c18v3.46\pic18-lt\cxx-framework\src\traditional\proc\p18f2550.asm
                    RCREG   0x000fae       data     extern E:\c18v3.46\pic18-lt\cxx-framework\src\traditional\proc\p18f2550.asm
                    SPBRG   0x000faf       data     extern E:\c18v3.46\pic18-lt\cxx-framework\src\traditional\proc\p18f2550.asm
                   SPBRGH   0x000fb0       data     extern E:\c18v3.46\pic18-lt\cxx-framework\src\traditional\proc\p18f2550.asm
                    T3CON   0x000fb1       data     extern E:\c18v3.46\pic18-lt\cxx-framework\src\traditional\proc\p18f2550.asm
                T3CONbits   0x000fb1       data     extern E:\c18v3.46\pic18-lt\cxx-framework\src\traditional\proc\p18f2550.asm
                    TMR3L   0x000fb2       data     extern E:\c18v3.46\pic18-lt\cxx-framework\src\traditional\proc\p18f2550.asm
                    TMR3H   0x000fb3       data     extern E:\c18v3.46\pic18-lt\cxx-framework\src\traditional\proc\p18f2550.asm
                CMCONbits   0x000fb4       data     extern E:\c18v3.46\pic18-lt\cxx-framework\src\traditional\proc\p18f2550.asm
                    CMCON   0x000fb4       data     extern E:\c18v3.46\pic18-lt\cxx-framework\src\traditional\proc\p18f2550.asm
                   CVRCON   0x000fb5       data     extern E:\c18v3.46\pic18-lt\cxx-framework\src\traditional\proc\p18f2550.asm
               CVRCONbits   0x000fb5       data     extern E:\c18v3.46\pic18-lt\cxx-framework\src\traditional\proc\p18f2550.asm
                  ECCP1AS   0x000fb6       data     extern E:\c18v3.46\pic18-lt\cxx-framework\src\traditional\proc\p18f2550.asm
              ECCP1ASbits   0x000fb6       data     extern E:\c18v3.46\pic18-lt\cxx-framework\src\traditional\proc\p18f2550.asm
                   CCP1AS   0x000fb6       data     extern E:\c18v3.46\pic18-lt\cxx-framework\src\traditional\proc\p18f2550.asm
               CCP1ASbits   0x000fb6       data     extern E:\c18v3.46\pic18-lt\cxx-framework\src\traditional\proc\p18f2550.asm
              CCP1DELbits   0x000fb7       data     extern E:\c18v3.46\pic18-lt\cxx-framework\src\traditional\proc\p18f2550.asm
                 ECCP1DEL   0x000fb7       data     extern E:\c18v3.46\pic18-lt\cxx-framework\src\traditional\proc\p18f2550.asm
             ECCP1DELbits   0x000fb7       data     extern E:\c18v3.46\pic18-lt\cxx-framework\src\traditional\proc\p18f2550.asm
                  CCP1DEL   0x000fb7       data     extern E:\c18v3.46\pic18-lt\cxx-framework\src\traditional\proc\p18f2550.asm
                  BAUDCON   0x000fb8       data     extern E:\c18v3.46\pic18-lt\cxx-framework\src\traditional\proc\p18f2550.asm
              BAUDCONbits   0x000fb8       data     extern E:\c18v3.46\pic18-lt\cxx-framework\src\traditional\proc\p18f2550.asm
                  BAUDCTL   0x000fb8       data     extern E:\c18v3.46\pic18-lt\cxx-framework\src\traditional\proc\p18f2550.asm
              BAUDCTLbits   0x000fb8       data     extern E:\c18v3.46\pic18-lt\cxx-framework\src\traditional\proc\p18f2550.asm
                  CCP2CON   0x000fba       data     extern E:\c18v3.46\pic18-lt\cxx-framework\src\traditional\proc\p18f2550.asm
              CCP2CONbits   0x000fba       data     extern E:\c18v3.46\pic18-lt\cxx-framework\src\traditional\proc\p18f2550.asm
                    CCPR2   0x000fbb       data     extern E:\c18v3.46\pic18-lt\cxx-framework\src\traditional\proc\p18f2550.asm
                   CCPR2L   0x000fbb       data     extern E:\c18v3.46\pic18-lt\cxx-framework\src\traditional\proc\p18f2550.asm
                   CCPR2H   0x000fbc       data     extern E:\c18v3.46\pic18-lt\cxx-framework\src\traditional\proc\p18f2550.asm
                  CCP1CON   0x000fbd       data     extern E:\c18v3.46\pic18-lt\cxx-framework\src\traditional\proc\p18f2550.asm
              CCP1CONbits   0x000fbd       data     extern E:\c18v3.46\pic18-lt\cxx-framework\src\traditional\proc\p18f2550.asm
                   CCPR1L   0x000fbe       data     extern E:\c18v3.46\pic18-lt\cxx-framework\src\traditional\proc\p18f2550.asm
                    CCPR1   0x000fbe       data     extern E:\c18v3.46\pic18-lt\cxx-framework\src\traditional\proc\p18f2550.asm
                   CCPR1H   0x000fbf       data     extern E:\c18v3.46\pic18-lt\cxx-framework\src\traditional\proc\p18f2550.asm
                   ADCON2   0x000fc0       data     extern E:\c18v3.46\pic18-lt\cxx-framework\src\traditional\proc\p18f2550.asm
               ADCON2bits   0x000fc0       data     extern E:\c18v3.46\pic18-lt\cxx-framework\src\traditional\proc\p18f2550.asm
                   ADCON1   0x000fc1       data     extern E:\c18v3.46\pic18-lt\cxx-framework\src\traditional\proc\p18f2550.asm
               ADCON1bits   0x000fc1       data     extern E:\c18v3.46\pic18-lt\cxx-framework\src\traditional\proc\p18f2550.asm
                   ADCON0   0x000fc2       data     extern E:\c18v3.46\pic18-lt\cxx-framework\src\traditional\proc\p18f2550.asm
               ADCON0bits   0x000fc2       data     extern E:\c18v3.46\pic18-lt\cxx-framework\src\traditional\proc\p18f2550.asm
                   ADRESL   0x000fc3       data     extern E:\c18v3.46\pic18-lt\cxx-framework\src\traditional\proc\p18f2550.asm
                    ADRES   0x000fc3       data     extern E:\c18v3.46\pic18-lt\cxx-framework\src\traditional\proc\p18f2550.asm
                   ADRESH   0x000fc4       data     extern E:\c18v3.46\pic18-lt\cxx-framework\src\traditional\proc\p18f2550.asm
              SSPCON2bits   0x000fc5       data     extern E:\c18v3.46\pic18-lt\cxx-framework\src\traditional\proc\p18f2550.asm
                  SSPCON2   0x000fc5       data     extern E:\c18v3.46\pic18-lt\cxx-framework\src\traditional\proc\p18f2550.asm
                  SSPCON1   0x000fc6       data     extern E:\c18v3.46\pic18-lt\cxx-framework\src\traditional\proc\p18f2550.asm
              SSPCON1bits   0x000fc6       data     extern E:\c18v3.46\pic18-lt\cxx-framework\src\traditional\proc\p18f2550.asm
              SSPSTATbits   0x000fc7       data     extern E:\c18v3.46\pic18-lt\cxx-framework\src\traditional\proc\p18f2550.asm
                  SSPSTAT   0x000fc7       data     extern E:\c18v3.46\pic18-lt\cxx-framework\src\traditional\proc\p18f2550.asm
                   SSPADD   0x000fc8       data     extern E:\c18v3.46\pic18-lt\cxx-framework\src\traditional\proc\p18f2550.asm
                   SSPBUF   0x000fc9       data     extern E:\c18v3.46\pic18-lt\cxx-framework\src\traditional\proc\p18f2550.asm
                T2CONbits   0x000fca       data     extern E:\c18v3.46\pic18-lt\cxx-framework\src\traditional\proc\p18f2550.asm
                    T2CON   0x000fca       data     extern E:\c18v3.46\pic18-lt\cxx-framework\src\traditional\proc\p18f2550.asm
                      PR2   0x000fcb       data     extern E:\c18v3.46\pic18-lt\cxx-framework\src\traditional\proc\p18f2550.asm
                     TMR2   0x000fcc       data     extern E:\c18v3.46\pic18-lt\cxx-framework\src\traditional\proc\p18f2550.asm
                T1CONbits   0x000fcd       data     extern E:\c18v3.46\pic18-lt\cxx-framework\src\traditional\proc\p18f2550.asm
                    T1CON   0x000fcd       data     extern E:\c18v3.46\pic18-lt\cxx-framework\src\traditional\proc\p18f2550.asm
                    TMR1L   0x000fce       data     extern E:\c18v3.46\pic18-lt\cxx-framework\src\traditional\proc\p18f2550.asm
                    TMR1H   0x000fcf       data     extern E:\c18v3.46\pic18-lt\cxx-framework\src\traditional\proc\p18f2550.asm
                 RCONbits   0x000fd0       data     extern E:\c18v3.46\pic18-lt\cxx-framework\src\traditional\proc\p18f2550.asm
                     RCON   0x000fd0       data     extern E:\c18v3.46\pic18-lt\cxx-framework\src\traditional\proc\p18f2550.asm
               WDTCONbits   0x000fd1       data     extern E:\c18v3.46\pic18-lt\cxx-framework\src\traditional\proc\p18f2550.asm
                   WDTCON   0x000fd1       data     extern E:\c18v3.46\pic18-lt\cxx-framework\src\traditional\proc\p18f2550.asm
                   LVDCON   0x000fd2       data     extern E:\c18v3.46\pic18-lt\cxx-framework\src\traditional\proc\p18f2550.asm
               LVDCONbits   0x000fd2       data     extern E:\c18v3.46\pic18-lt\cxx-framework\src\traditional\proc\p18f2550.asm
              HLVDCONbits   0x000fd2       data     extern E:\c18v3.46\pic18-lt\cxx-framework\src\traditional\proc\p18f2550.asm
                  HLVDCON   0x000fd2       data     extern E:\c18v3.46\pic18-lt\cxx-framework\src\traditional\proc\p18f2550.asm
                   OSCCON   0x000fd3       data     extern E:\c18v3.46\pic18-lt\cxx-framework\src\traditional\proc\p18f2550.asm
               OSCCONbits   0x000fd3       data     extern E:\c18v3.46\pic18-lt\cxx-framework\src\traditional\proc\p18f2550.asm
                T0CONbits   0x000fd5       data     extern E:\c18v3.46\pic18-lt\cxx-framework\src\traditional\proc\p18f2550.asm
                    T0CON   0x000fd5       data     extern E:\c18v3.46\pic18-lt\cxx-framework\src\traditional\proc\p18f2550.asm
                    TMR0L   0x000fd6       data     extern E:\c18v3.46\pic18-lt\cxx-framework\src\traditional\proc\p18f2550.asm
                    TMR0H   0x000fd7       data     extern E:\c18v3.46\pic18-lt\cxx-framework\src\traditional\proc\p18f2550.asm
               STATUSbits   0x000fd8       data     extern E:\c18v3.46\pic18-lt\cxx-framework\src\traditional\proc\p18f2550.asm
                   STATUS   0x000fd8       data     extern E:\c18v3.46\pic18-lt\cxx-framework\src\traditional\proc\p18f2550.asm
                    FSR2L   0x000fd9       data     extern E:\c18v3.46\pic18-lt\cxx-framework\src\traditional\proc\p18f2550.asm
                     FSR2   0x000fd9       data     extern E:\c18v3.46\pic18-lt\cxx-framework\src\traditional\proc\p18f2550.asm
                    FSR2H   0x000fda       data     extern E:\c18v3.46\pic18-lt\cxx-framework\src\traditional\proc\p18f2550.asm
                   PLUSW2   0x000fdb       data     extern E:\c18v3.46\pic18-lt\cxx-framework\src\traditional\proc\p18f2550.asm
                  PREINC2   0x000fdc       data     extern E:\c18v3.46\pic18-lt\cxx-framework\src\traditional\proc\p18f2550.asm
                 POSTDEC2   0x000fdd       data     extern E:\c18v3.46\pic18-lt\cxx-framework\src\traditional\proc\p18f2550.asm
                 POSTINC2   0x000fde       data     extern E:\c18v3.46\pic18-lt\cxx-framework\src\traditional\proc\p18f2550.asm
                    INDF2   0x000fdf       data     extern E:\c18v3.46\pic18-lt\cxx-framework\src\traditional\proc\p18f2550.asm
                      BSR   0x000fe0       data     extern E:\c18v3.46\pic18-lt\cxx-framework\src\traditional\proc\p18f2550.asm
                    FSR1L   0x000fe1       data     extern E:\c18v3.46\pic18-lt\cxx-framework\src\traditional\proc\p18f2550.asm
                     FSR1   0x000fe1       data     extern E:\c18v3.46\pic18-lt\cxx-framework\src\traditional\proc\p18f2550.asm
                    FSR1H   0x000fe2       data     extern E:\c18v3.46\pic18-lt\cxx-framework\src\traditional\proc\p18f2550.asm
                   PLUSW1   0x000fe3       data     extern E:\c18v3.46\pic18-lt\cxx-framework\src\traditional\proc\p18f2550.asm
                  PREINC1   0x000fe4       data     extern E:\c18v3.46\pic18-lt\cxx-framework\src\traditional\proc\p18f2550.asm
                 POSTDEC1   0x000fe5       data     extern E:\c18v3.46\pic18-lt\cxx-framework\src\traditional\proc\p18f2550.asm
                 POSTINC1   0x000fe6       data     extern E:\c18v3.46\pic18-lt\cxx-framework\src\traditional\proc\p18f2550.asm
                    INDF1   0x000fe7       data     extern E:\c18v3.46\pic18-lt\cxx-framework\src\traditional\proc\p18f2550.asm
                     WREG   0x000fe8       data     extern E:\c18v3.46\pic18-lt\cxx-framework\src\traditional\proc\p18f2550.asm
                    FSR0L   0x000fe9       data     extern E:\c18v3.46\pic18-lt\cxx-framework\src\traditional\proc\p18f2550.asm
                     FSR0   0x000fe9       data     extern E:\c18v3.46\pic18-lt\cxx-framework\src\traditional\proc\p18f2550.asm
                    FSR0H   0x000fea       data     extern E:\c18v3.46\pic18-lt\cxx-framework\src\traditional\proc\p18f2550.asm
                   PLUSW0   0x000feb       data     extern E:\c18v3.46\pic18-lt\cxx-framework\src\traditional\proc\p18f2550.asm
                  PREINC0   0x000fec       data     extern E:\c18v3.46\pic18-lt\cxx-framework\src\traditional\proc\p18f2550.asm
                 POSTDEC0   0x000fed       data     extern E:\c18v3.46\pic18-lt\cxx-framework\src\traditional\proc\p18f2550.asm
                 POSTINC0   0x000fee       data     extern E:\c18v3.46\pic18-lt\cxx-framework\src\traditional\proc\p18f2550.asm
                    INDF0   0x000fef       data     extern E:\c18v3.46\pic18-lt\cxx-framework\src\traditional\proc\p18f2550.asm
                  INTCON3   0x000ff0       data     extern E:\c18v3.46\pic18-lt\cxx-framework\src\traditional\proc\p18f2550.asm
              INTCON3bits   0x000ff0       data     extern E:\c18v3.46\pic18-lt\cxx-framework\src\traditional\proc\p18f2550.asm
                  INTCON2   0x000ff1       data     extern E:\c18v3.46\pic18-lt\cxx-framework\src\traditional\proc\p18f2550.asm
              INTCON2bits   0x000ff1       data     extern E:\c18v3.46\pic18-lt\cxx-framework\src\traditional\proc\p18f2550.asm
                   INTCON   0x000ff2       data     extern E:\c18v3.46\pic18-lt\cxx-framework\src\traditional\proc\p18f2550.asm
               INTCONbits   0x000ff2       data     extern E:\c18v3.46\pic18-lt\cxx-framework\src\traditional\proc\p18f2550.asm
                    PRODL   0x000ff3       data     extern E:\c18v3.46\pic18-lt\cxx-framework\src\traditional\proc\p18f2550.asm
                     PROD   0x000ff3       data     extern E:\c18v3.46\pic18-lt\cxx-framework\src\traditional\proc\p18f2550.asm
                    PRODH   0x000ff4       data     extern E:\c18v3.46\pic18-lt\cxx-framework\src\traditional\proc\p18f2550.asm
                   TABLAT   0x000ff5       data     extern E:\c18v3.46\pic18-lt\cxx-framework\src\traditional\proc\p18f2550.asm
                   TBLPTR   0x000ff6       data     extern E:\c18v3.46\pic18-lt\cxx-framework\src\traditional\proc\p18f2550.asm
                  TBLPTRL   0x000ff6       data     extern E:\c18v3.46\pic18-lt\cxx-framework\src\traditional\proc\p18f2550.asm
                  TBLPTRH   0x000ff7       data     extern E:\c18v3.46\pic18-lt\cxx-framework\src\traditional\proc\p18f2550.asm
                  TBLPTRU   0x000ff8       data     extern E:\c18v3.46\pic18-lt\cxx-framework\src\traditional\proc\p18f2550.asm
                       PC   0x000ff9       data     extern E:\c18v3.46\pic18-lt\cxx-framework\src\traditional\proc\p18f2550.asm
                      PCL   0x000ff9       data     extern E:\c18v3.46\pic18-lt\cxx-framework\src\traditional\proc\p18f2550.asm
                   PCLATH   0x000ffa       data     extern E:\c18v3.46\pic18-lt\cxx-framework\src\traditional\proc\p18f2550.asm
                   PCLATU   0x000ffb       data     extern E:\c18v3.46\pic18-lt\cxx-framework\src\traditional\proc\p18f2550.asm
               STKPTRbits   0x000ffc       data     extern E:\c18v3.46\pic18-lt\cxx-framework\src\traditional\proc\p18f2550.asm
                   STKPTR   0x000ffc       data     extern E:\c18v3.46\pic18-lt\cxx-framework\src\traditional\proc\p18f2550.asm
                      TOS   0x000ffd       data     extern E:\c18v3.46\pic18-lt\cxx-framework\src\traditional\proc\p18f2550.asm
                     TOSL   0x000ffd       data     extern E:\c18v3.46\pic18-lt\cxx-framework\src\traditional\proc\p18f2550.asm
                     TOSH   0x000ffe       data     extern E:\c18v3.46\pic18-lt\cxx-framework\src\traditional\proc\p18f2550.asm
                     TOSU   0x000fff       data     extern E:\c18v3.46\pic18-lt\cxx-framework\src\traditional\proc\p18f2550.asm


